{"level":"info","message":"Server running on port http://localhost:8080","service":"RBAC-API","timestamp":"2026-04-09T06:22:40.687Z"}
{"level":"info","message":"MongoDB connected","service":"RBAC-API","timestamp":"2026-04-09T06:22:41.446Z"}
{"level":"info","message":"Server running on port http://localhost:8080","service":"RBAC-API","timestamp":"2026-04-09T06:24:06.211Z"}
{"level":"info","message":"Server running on port http://localhost:8080","service":"RBAC-API","timestamp":"2026-04-09T06:24:19.290Z"}
{"level":"info","message":"Server running on port http://localhost:8080","service":"RBAC-API","timestamp":"2026-04-09T06:24:21.606Z"}
{"level":"info","message":"Server running on port http://localhost:8080","service":"RBAC-API","timestamp":"2026-04-09T06:24:31.379Z"}
{"level":"info","message":"Server running on port http://localhost:8080","service":"RBAC-API","timestamp":"2026-04-09T06:24:39.557Z"}
{"level":"info","message":"MongoDB connected","service":"RBAC-API","timestamp":"2026-04-09T06:24:40.098Z"}
{"level":"info","message":"Server running on port http://localhost:8080","service":"RBAC-API","timestamp":"2026-04-09T06:25:23.728Z"}
{"level":"info","message":"MongoDB connected","service":"RBAC-API","timestamp":"2026-04-09T06:25:24.183Z"}
{"level":"info","message":"Server running on port http://localhost:8080","service":"RBAC-API","timestamp":"2026-04-09T06:25:28.211Z"}
{"level":"info","message":"MongoDB connected","service":"RBAC-API","timestamp":"2026-04-09T06:25:28.656Z"}
{"level":"info","message":"Server running on port http://localhost:8080","service":"RBAC-API","timestamp":"2026-04-09T06:26:36.876Z"}
{"level":"info","message":"MongoDB connected","service":"RBAC-API","timestamp":"2026-04-09T06:26:37.374Z"}
{"level":"info","message":"Server running on port http://localhost:8080","service":"RBAC-API","timestamp":"2026-04-09T06:27:04.815Z"}
{"level":"info","message":"MongoDB connected","service":"RBAC-API","timestamp":"2026-04-09T06:27:05.298Z"}
{"level":"info","message":"Server running on port http://localhost:8080","service":"RBAC-API","timestamp":"2026-04-09T06:27:06.865Z"}
{"level":"info","message":"MongoDB connected","service":"RBAC-API","timestamp":"2026-04-09T06:27:07.300Z"}
{"level":"info","message":"Server running on port http://localhost:8080","service":"RBAC-API","timestamp":"2026-04-09T06:27:10.512Z"}
{"level":"info","message":"MongoDB connected","service":"RBAC-API","timestamp":"2026-04-09T06:27:10.966Z"}
{"level":"info","message":"Server running on port http://localhost:8080","service":"RBAC-API","timestamp":"2026-04-09T06:27:12.747Z"}
{"level":"info","message":"MongoDB connected","service":"RBAC-API","timestamp":"2026-04-09T06:27:13.189Z"}
{"level":"info","message":"Server running on port http://localhost:8080","service":"RBAC-API","timestamp":"2026-04-09T06:27:14.285Z"}
{"level":"info","message":"MongoDB connected","service":"RBAC-API","timestamp":"2026-04-09T06:27:14.733Z"}
{"level":"info","message":"Server running on port http://localhost:8080","service":"RBAC-API","timestamp":"2026-04-09T06:27:42.465Z"}
{"level":"info","message":"MongoDB connected","service":"RBAC-API","timestamp":"2026-04-09T06:27:42.944Z"}
{"level":"info","message":"Server running on port http://localhost:8080","service":"RBAC-API","timestamp":"2026-04-09T06:27:44.933Z"}
{"level":"info","message":"MongoDB connected","service":"RBAC-API","timestamp":"2026-04-09T06:27:45.360Z"}
{"level":"info","message":"Server running on port http://localhost:8080","service":"RBAC-API","timestamp":"2026-04-09T06:27:48.115Z"}
{"level":"info","message":"MongoDB connected","service":"RBAC-API","timestamp":"2026-04-09T06:27:48.617Z"}
{"level":"info","message":"Server running on port http://localhost:8080","service":"RBAC-API","timestamp":"2026-04-09T06:27:54.292Z"}
{"level":"info","message":"MongoDB connected","service":"RBAC-API","timestamp":"2026-04-09T06:27:54.747Z"}
{"level":"info","message":"Server running on port http://localhost:8080","service":"RBAC-API","timestamp":"2026-04-09T06:27:57.442Z"}
{"level":"info","message":"MongoDB connected","service":"RBAC-API","timestamp":"2026-04-09T06:27:57.886Z"}
{"level":"info","message":"Server running on port http://localhost:8080","service":"RBAC-API","timestamp":"2026-04-09T06:27:58.810Z"}
{"level":"info","message":"MongoDB connected","service":"RBAC-API","timestamp":"2026-04-09T06:27:59.234Z"}
{"level":"info","message":"Server running on port http://localhost:8080","service":"RBAC-API","timestamp":"2026-04-09T06:28:08.406Z"}
{"level":"info","message":"MongoDB connected","service":"RBAC-API","timestamp":"2026-04-09T06:28:08.833Z"}
{"level":"info","message":"Server running on port http://localhost:8080","service":"RBAC-API","timestamp":"2026-04-09T06:29:36.632Z"}
{"level":"info","message":"MongoDB connected","service":"RBAC-API","timestamp":"2026-04-09T06:29:37.179Z"}
{"level":"info","message":"Server running on port http://localhost:8080","service":"RBAC-API","timestamp":"2026-04-09T06:29:49.106Z"}
{"level":"info","message":"MongoDB connected","service":"RBAC-API","timestamp":"2026-04-09T06:29:49.529Z"}
{"level":"info","message":"Server running on port http://localhost:8080","service":"RBAC-API","timestamp":"2026-04-09T06:29:51.169Z"}
{"level":"info","message":"MongoDB connected","service":"RBAC-API","timestamp":"2026-04-09T06:29:51.606Z"}
{"level":"info","message":"Server running on port http://localhost:8080","service":"RBAC-API","timestamp":"2026-04-09T06:29:55.565Z"}
{"level":"info","message":"MongoDB connected","service":"RBAC-API","timestamp":"2026-04-09T06:29:55.984Z"}
{"level":"info","message":"Server running on port http://localhost:8080","service":"RBAC-API","timestamp":"2026-04-09T06:29:58.685Z"}
{"level":"info","message":"MongoDB connected","service":"RBAC-API","timestamp":"2026-04-09T06:29:59.169Z"}
{"level":"info","message":"Server running on port http://localhost:8080","service":"RBAC-API","timestamp":"2026-04-09T06:30:02.657Z"}
{"level":"info","message":"MongoDB connected","service":"RBAC-API","timestamp":"2026-04-09T06:30:03.123Z"}
{"level":"info","message":"Server running on port http://localhost:8080","service":"RBAC-API","timestamp":"2026-04-09T06:30:04.247Z"}
{"level":"info","message":"MongoDB connected","service":"RBAC-API","timestamp":"2026-04-09T06:30:04.729Z"}
{"level":"info","message":"Server running on port http://localhost:8080","service":"RBAC-API","timestamp":"2026-04-09T06:30:10.627Z"}
{"level":"info","message":"MongoDB connected","service":"RBAC-API","timestamp":"2026-04-09T06:30:11.103Z"}
{"level":"info","message":"Server running on port http://localhost:8080","service":"RBAC-API","timestamp":"2026-04-09T06:30:12.313Z"}
{"level":"info","message":"MongoDB connected","service":"RBAC-API","timestamp":"2026-04-09T06:30:12.765Z"}
{"level":"info","message":"Server running on port http://localhost:8080","service":"RBAC-API","timestamp":"2026-04-09T06:30:18.522Z"}
{"level":"info","message":"MongoDB connected","service":"RBAC-API","timestamp":"2026-04-09T06:30:18.984Z"}
{"level":"info","message":"Server running on port http://localhost:8080","service":"RBAC-API","timestamp":"2026-04-09T06:30:21.713Z"}
{"level":"info","message":"MongoDB connected","service":"RBAC-API","timestamp":"2026-04-09T06:30:22.163Z"}
{"level":"info","message":"Server running on port http://localhost:8080","service":"RBAC-API","timestamp":"2026-04-09T06:30:44.277Z"}
{"level":"info","message":"MongoDB connected","service":"RBAC-API","timestamp":"2026-04-09T06:30:44.870Z"}
{"level":"info","message":"Server running on port http://localhost:8080","service":"RBAC-API","timestamp":"2026-04-09T06:30:47.000Z"}
{"level":"info","message":"MongoDB connected","service":"RBAC-API","timestamp":"2026-04-09T06:30:47.432Z"}
{"level":"info","message":"Server running on port http://localhost:8080","service":"RBAC-API","timestamp":"2026-04-09T06:30:53.393Z"}
{"level":"info","message":"MongoDB connected","service":"RBAC-API","timestamp":"2026-04-09T06:30:53.863Z"}
{"level":"info","message":"Server running on port http://localhost:8080","service":"RBAC-API","timestamp":"2026-04-09T06:30:55.667Z"}
{"level":"info","message":"MongoDB connected","service":"RBAC-API","timestamp":"2026-04-09T06:30:56.134Z"}
{"level":"info","message":"Server running on port http://localhost:8080","service":"RBAC-API","timestamp":"2026-04-09T06:30:57.377Z"}
{"level":"info","message":"MongoDB connected","service":"RBAC-API","timestamp":"2026-04-09T06:30:57.873Z"}
{"level":"info","message":"Server running on port http://localhost:8080","service":"RBAC-API","timestamp":"2026-04-09T06:31:00.327Z"}
{"level":"info","message":"MongoDB connected","service":"RBAC-API","timestamp":"2026-04-09T06:31:00.789Z"}
{"level":"info","message":"Server running on port http://localhost:8080","service":"RBAC-API","timestamp":"2026-04-09T06:31:03.113Z"}
{"level":"info","message":"MongoDB connected","service":"RBAC-API","timestamp":"2026-04-09T06:31:03.575Z"}
{"level":"info","message":"Server running on port http://localhost:8080","service":"RBAC-API","timestamp":"2026-04-09T06:31:04.478Z"}
{"level":"info","message":"MongoDB connected","service":"RBAC-API","timestamp":"2026-04-09T06:31:04.916Z"}
{"level":"info","message":"Server running on port http://localhost:8080","service":"RBAC-API","timestamp":"2026-04-09T06:31:05.604Z"}
{"level":"info","message":"MongoDB connected","service":"RBAC-API","timestamp":"2026-04-09T06:31:06.025Z"}
{"level":"info","message":"Server running on port http://localhost:8080","service":"RBAC-API","timestamp":"2026-04-09T06:31:08.961Z"}
{"level":"info","message":"MongoDB connected","service":"RBAC-API","timestamp":"2026-04-09T06:31:09.407Z"}
{"level":"info","message":"Server running on port http://localhost:8080","service":"RBAC-API","timestamp":"2026-04-09T06:31:11.674Z"}
{"level":"info","message":"MongoDB connected","service":"RBAC-API","timestamp":"2026-04-09T06:31:12.110Z"}
{"level":"info","message":"Server running on port http://localhost:8080","service":"RBAC-API","timestamp":"2026-04-09T06:31:20.051Z"}
{"level":"info","message":"MongoDB connected","service":"RBAC-API","timestamp":"2026-04-09T06:31:20.486Z"}
{"level":"info","message":"Server running on port http://localhost:8080","service":"RBAC-API","timestamp":"2026-04-09T06:31:22.358Z"}
{"level":"info","message":"MongoDB connected","service":"RBAC-API","timestamp":"2026-04-09T06:31:22.813Z"}
{"level":"info","message":"Server running on port http://localhost:8080","service":"RBAC-API","timestamp":"2026-04-09T06:31:33.444Z"}
{"level":"info","message":"MongoDB connected","service":"RBAC-API","timestamp":"2026-04-09T06:31:33.918Z"}
{"level":"info","message":"Server running on port http://localhost:8080","service":"RBAC-API","timestamp":"2026-04-09T06:31:34.806Z"}
{"level":"info","message":"MongoDB connected","service":"RBAC-API","timestamp":"2026-04-09T06:31:35.251Z"}
{"level":"info","message":"Server running on port http://localhost:8080","service":"RBAC-API","timestamp":"2026-04-09T06:31:40.417Z"}
{"level":"info","message":"MongoDB connected","service":"RBAC-API","timestamp":"2026-04-09T06:31:40.841Z"}
{"level":"info","message":"Server running on port http://localhost:8080","service":"RBAC-API","timestamp":"2026-04-09T06:34:35.804Z"}
{"level":"info","message":"MongoDB connected","service":"RBAC-API","timestamp":"2026-04-09T06:34:36.404Z"}
{"level":"info","message":"Server running on port http://localhost:8080","service":"RBAC-API","timestamp":"2026-04-09T06:43:15.924Z"}
{"level":"info","message":"MongoDB connected","service":"RBAC-API","timestamp":"2026-04-09T06:43:16.410Z"}
{"level":"info","message":"Server running on port http://localhost:8080","service":"RBAC-API","timestamp":"2026-04-09T06:54:06.966Z"}
{"level":"info","message":"MongoDB connected","service":"RBAC-API","timestamp":"2026-04-09T06:54:07.449Z"}
{"level":"info","message":"Server running on port http://localhost:8080","service":"RBAC-API","timestamp":"2026-04-09T06:56:18.803Z"}
{"level":"info","message":"MongoDB connected","service":"RBAC-API","timestamp":"2026-04-09T06:56:19.236Z"}
{"level":"info","message":"Server running on port http://localhost:8080","service":"RBAC-API","timestamp":"2026-04-09T06:56:20.778Z"}
{"level":"info","message":"MongoDB connected","service":"RBAC-API","timestamp":"2026-04-09T06:56:21.273Z"}
{"level":"info","message":"Server running on port http://localhost:8080","service":"RBAC-API","timestamp":"2026-04-09T06:56:22.373Z"}
{"level":"info","message":"MongoDB connected","service":"RBAC-API","timestamp":"2026-04-09T06:56:22.935Z"}
{"level":"info","message":"Server running on port http://localhost:8080","service":"RBAC-API","timestamp":"2026-04-09T06:56:28.802Z"}
{"level":"info","message":"MongoDB connected","service":"RBAC-API","timestamp":"2026-04-09T06:56:29.261Z"}
{"level":"info","message":"Server running on port http://localhost:8080","service":"RBAC-API","timestamp":"2026-04-09T06:56:31.247Z"}
{"level":"info","message":"MongoDB connected","service":"RBAC-API","timestamp":"2026-04-09T06:56:31.722Z"}
{"level":"info","message":"Server running on port http://localhost:8080","service":"RBAC-API","timestamp":"2026-04-09T06:56:38.944Z"}
{"level":"info","message":"MongoDB connected","service":"RBAC-API","timestamp":"2026-04-09T06:56:39.401Z"}
{"level":"info","message":"Server running on port http://localhost:8080","service":"RBAC-API","timestamp":"2026-04-09T06:56:41.409Z"}
{"level":"info","message":"MongoDB connected","service":"RBAC-API","timestamp":"2026-04-09T06:56:41.865Z"}
{"level":"info","message":"Server running on port http://localhost:8080","service":"RBAC-API","timestamp":"2026-04-09T06:56:46.211Z"}
{"level":"info","message":"MongoDB connected","service":"RBAC-API","timestamp":"2026-04-09T06:56:46.690Z"}
{"level":"info","message":"Server running on port http://localhost:8080","service":"RBAC-API","timestamp":"2026-04-09T07:02:53.782Z"}
{"level":"info","message":"MongoDB connected","service":"RBAC-API","timestamp":"2026-04-09T07:02:54.304Z"}
{"level":"info","message":"Server running on port http://localhost:8080","service":"RBAC-API","timestamp":"2026-04-09T07:02:55.484Z"}
{"level":"info","message":"MongoDB connected","service":"RBAC-API","timestamp":"2026-04-09T07:02:55.938Z"}
{"level":"info","message":"Server running on port http://localhost:8080","service":"RBAC-API","timestamp":"2026-04-09T07:03:00.810Z"}
{"level":"info","message":"MongoDB connected","service":"RBAC-API","timestamp":"2026-04-09T07:03:01.285Z"}
{"level":"info","message":"Server running on port http://localhost:8080","service":"RBAC-API","timestamp":"2026-04-09T07:03:03.127Z"}
{"level":"info","message":"MongoDB connected","service":"RBAC-API","timestamp":"2026-04-09T07:03:03.671Z"}
{"level":"info","message":"Server running on port http://localhost:8080","service":"RBAC-API","timestamp":"2026-04-09T07:03:06.132Z"}
{"level":"info","message":"MongoDB connected","service":"RBAC-API","timestamp":"2026-04-09T07:03:06.693Z"}
{"level":"info","message":"Server running on port http://localhost:8080","service":"RBAC-API","timestamp":"2026-04-09T07:03:09.479Z"}
{"level":"info","message":"MongoDB connected","service":"RBAC-API","timestamp":"2026-04-09T07:03:09.898Z"}
{"level":"info","message":"Server running on port http://localhost:8080","service":"RBAC-API","timestamp":"2026-04-09T07:03:13.008Z"}
{"level":"info","message":"MongoDB connected","service":"RBAC-API","timestamp":"2026-04-09T07:03:13.421Z"}
{"level":"info","message":"Server running on port http://localhost:8080","service":"RBAC-API","timestamp":"2026-04-09T07:04:27.850Z"}
{"level":"info","message":"MongoDB connected","service":"RBAC-API","timestamp":"2026-04-09T07:04:28.434Z"}
{"level":"info","message":"Server running on port http://localhost:8080","service":"RBAC-API","timestamp":"2026-04-09T07:07:51.653Z"}
{"level":"error","message":"seedRolesWithPermissions is not defined","service":"RBAC-API","timestamp":"2026-04-09T07:07:52.169Z"}
{"level":"info","message":"Server running on port http://localhost:8080","service":"RBAC-API","timestamp":"2026-04-09T07:07:55.030Z"}
{"level":"info","message":"MongoDB connected","service":"RBAC-API","timestamp":"2026-04-09T07:07:55.467Z"}
{"level":"info","message":"Server running on port http://localhost:8080","service":"RBAC-API","timestamp":"2026-04-09T07:07:57.601Z"}
{"level":"info","message":"Seeding Roles & Permissions","service":"RBAC-API","timestamp":"2026-04-09T07:07:58.029Z"}
{"level":"info","message":"MongoDB connected","service":"RBAC-API","timestamp":"2026-04-09T07:07:58.030Z"}
{"level":"info","message":"Roles & Permissions Seeded","service":"RBAC-API","timestamp":"2026-04-09T07:07:58.492Z"}
{"level":"info","message":"Server running on port http://localhost:8080","service":"RBAC-API","timestamp":"2026-04-09T07:07:59.858Z"}
{"level":"info","message":"Seeding Roles & Permissions","service":"RBAC-API","timestamp":"2026-04-09T07:08:00.284Z"}
{"level":"info","message":"MongoDB connected","service":"RBAC-API","timestamp":"2026-04-09T07:08:00.285Z"}
{"level":"info","message":"Roles & Permissions Seeded","service":"RBAC-API","timestamp":"2026-04-09T07:08:00.759Z"}
{"level":"info","message":"Server running on port http://localhost:8080","service":"RBAC-API","timestamp":"2026-04-09T07:08:01.737Z"}
{"level":"info","message":"Seeding Roles & Permissions","service":"RBAC-API","timestamp":"2026-04-09T07:08:02.168Z"}
{"level":"info","message":"MongoDB connected","service":"RBAC-API","timestamp":"2026-04-09T07:08:02.170Z"}
{"level":"info","message":"Roles & Permissions Seeded","service":"RBAC-API","timestamp":"2026-04-09T07:08:02.761Z"}
{"level":"info","message":"Server running on port http://localhost:8080","service":"RBAC-API","timestamp":"2026-04-09T07:08:23.962Z"}
{"level":"info","message":"Seeding Roles & Permissions","service":"RBAC-API","timestamp":"2026-04-09T07:08:24.438Z"}
{"level":"info","message":"MongoDB connected","service":"RBAC-API","timestamp":"2026-04-09T07:08:24.440Z"}
{"level":"info","message":"Roles & Permissions Seeded","service":"RBAC-API","timestamp":"2026-04-09T07:08:24.852Z"}
{"level":"info","message":"Server running on port http://localhost:8080","service":"RBAC-API","timestamp":"2026-04-09T07:13:23.960Z"}
{"level":"info","message":"Seeding Roles & Permissions","service":"RBAC-API","timestamp":"2026-04-09T07:13:24.532Z"}
{"level":"info","message":"MongoDB connected","service":"RBAC-API","timestamp":"2026-04-09T07:13:24.533Z"}
{"level":"info","message":"Roles & Permissions Seeded","service":"RBAC-API","timestamp":"2026-04-09T07:13:24.942Z"}
{"level":"info","message":"Server running on port http://localhost:8080","service":"RBAC-API","timestamp":"2026-04-09T07:13:45.798Z"}
{"level":"info","message":"Seeding Roles & Permissions","service":"RBAC-API","timestamp":"2026-04-09T07:13:46.205Z"}
{"level":"info","message":"MongoDB connected","service":"RBAC-API","timestamp":"2026-04-09T07:13:46.206Z"}
{"level":"info","message":"Roles & Permissions Seeded","service":"RBAC-API","timestamp":"2026-04-09T07:13:46.625Z"}
{"level":"info","message":"Server running on port http://localhost:8080","service":"RBAC-API","timestamp":"2026-04-09T07:13:59.364Z"}
{"level":"info","message":"Seeding Roles & Permissions","service":"RBAC-API","timestamp":"2026-04-09T07:13:59.817Z"}
{"level":"info","message":"MongoDB connected","service":"RBAC-API","timestamp":"2026-04-09T07:13:59.818Z"}
{"level":"info","message":"Roles & Permissions Seeded","service":"RBAC-API","timestamp":"2026-04-09T07:14:00.236Z"}
{"level":"info","message":"Server running on port http://localhost:8080","service":"RBAC-API","timestamp":"2026-04-09T07:14:03.188Z"}
{"level":"info","message":"Seeding Roles & Permissions","service":"RBAC-API","timestamp":"2026-04-09T07:14:03.639Z"}
{"level":"info","message":"MongoDB connected","service":"RBAC-API","timestamp":"2026-04-09T07:14:03.640Z"}
{"level":"info","message":"Roles & Permissions Seeded","service":"RBAC-API","timestamp":"2026-04-09T07:14:04.048Z"}
{"level":"info","message":"Server running on port http://localhost:8080","service":"RBAC-API","timestamp":"2026-04-09T07:14:06.649Z"}
{"level":"info","message":"Seeding Roles & Permissions","service":"RBAC-API","timestamp":"2026-04-09T07:14:07.126Z"}
{"level":"info","message":"MongoDB connected","service":"RBAC-API","timestamp":"2026-04-09T07:14:07.127Z"}
{"level":"info","message":"Roles & Permissions Seeded","service":"RBAC-API","timestamp":"2026-04-09T07:14:07.729Z"}
{"level":"info","message":"Server running on port http://localhost:8080","service":"RBAC-API","timestamp":"2026-04-09T07:14:08.415Z"}
{"level":"info","message":"Seeding Roles & Permissions","service":"RBAC-API","timestamp":"2026-04-09T07:14:08.848Z"}
{"level":"info","message":"MongoDB connected","service":"RBAC-API","timestamp":"2026-04-09T07:14:08.849Z"}
{"level":"info","message":"Roles & Permissions Seeded","service":"RBAC-API","timestamp":"2026-04-09T07:14:09.486Z"}
{"level":"info","message":"Server running on port http://localhost:8080","service":"RBAC-API","timestamp":"2026-04-09T07:14:20.923Z"}
{"level":"info","message":"Seeding Roles & Permissions","service":"RBAC-API","timestamp":"2026-04-09T07:14:21.345Z"}
{"level":"info","message":"MongoDB connected","service":"RBAC-API","timestamp":"2026-04-09T07:14:21.346Z"}
{"level":"info","message":"Roles & Permissions Seeded","service":"RBAC-API","timestamp":"2026-04-09T07:14:21.848Z"}
{"level":"info","message":"Server running on port http://localhost:8080","service":"RBAC-API","timestamp":"2026-04-09T07:17:11.568Z"}
{"level":"info","message":"Seeding Roles & Permissions","service":"RBAC-API","timestamp":"2026-04-09T07:17:12.097Z"}
{"level":"info","message":"MongoDB connected","service":"RBAC-API","timestamp":"2026-04-09T07:17:12.098Z"}
{"level":"info","message":"Server running on port http://localhost:8080","service":"RBAC-API","timestamp":"2026-04-09T07:17:12.684Z"}
{"level":"info","message":"Seeding Roles & Permissions","service":"RBAC-API","timestamp":"2026-04-09T07:17:13.147Z"}
{"level":"info","message":"MongoDB connected","service":"RBAC-API","timestamp":"2026-04-09T07:17:13.149Z"}
{"level":"info","message":"Roles & Permissions Seeded","service":"RBAC-API","timestamp":"2026-04-09T07:17:13.678Z"}
{"level":"info","message":"Server running on port http://localhost:8080","service":"RBAC-API","timestamp":"2026-04-09T07:17:22.984Z"}
{"level":"info","message":"Seeding Roles & Permissions","service":"RBAC-API","timestamp":"2026-04-09T07:17:23.454Z"}
{"level":"info","message":"MongoDB connected","service":"RBAC-API","timestamp":"2026-04-09T07:17:23.456Z"}
{"level":"info","message":"Roles & Permissions Seeded","service":"RBAC-API","timestamp":"2026-04-09T07:17:23.950Z"}
{"level":"info","message":"Server running on port http://localhost:8080","service":"RBAC-API","timestamp":"2026-04-09T07:17:52.028Z"}
{"level":"info","message":"Seeding Roles & Permissions","service":"RBAC-API","timestamp":"2026-04-09T07:17:52.463Z"}
{"level":"info","message":"MongoDB connected","service":"RBAC-API","timestamp":"2026-04-09T07:17:52.465Z"}
{"level":"info","message":"Server running on port http://localhost:8080","service":"RBAC-API","timestamp":"2026-04-09T07:17:53.077Z"}
{"level":"info","message":"Seeding Roles & Permissions","service":"RBAC-API","timestamp":"2026-04-09T07:17:53.512Z"}
{"level":"info","message":"MongoDB connected","service":"RBAC-API","timestamp":"2026-04-09T07:17:53.514Z"}
{"level":"info","message":"Roles & Permissions Seeded","service":"RBAC-API","timestamp":"2026-04-09T07:17:54.013Z"}
{"level":"info","message":"Server running on port http://localhost:8080","service":"RBAC-API","timestamp":"2026-04-09T07:17:57.106Z"}
{"level":"info","message":"Seeding Roles & Permissions","service":"RBAC-API","timestamp":"2026-04-09T07:17:57.575Z"}
{"level":"info","message":"MongoDB connected","service":"RBAC-API","timestamp":"2026-04-09T07:17:57.577Z"}
{"level":"info","message":"Roles & Permissions Seeded","service":"RBAC-API","timestamp":"2026-04-09T07:17:58.140Z"}
{"level":"info","message":"Server running on port http://localhost:8080","service":"RBAC-API","timestamp":"2026-04-09T07:18:32.144Z"}
{"level":"info","message":"Seeding Roles & Permissions","service":"RBAC-API","timestamp":"2026-04-09T07:18:32.731Z"}
{"level":"info","message":"MongoDB connected","service":"RBAC-API","timestamp":"2026-04-09T07:18:32.733Z"}
{"level":"info","message":"Roles & Permissions Seeded","service":"RBAC-API","timestamp":"2026-04-09T07:18:33.233Z"}
{"level":"info","message":"Server running on port http://localhost:8080","service":"RBAC-API","timestamp":"2026-04-09T07:18:41.048Z"}
{"level":"info","message":"Seeding Roles & Permissions","service":"RBAC-API","timestamp":"2026-04-09T07:18:41.505Z"}
{"level":"info","message":"MongoDB connected","service":"RBAC-API","timestamp":"2026-04-09T07:18:41.506Z"}
{"level":"info","message":"Roles & Permissions Seeded","service":"RBAC-API","timestamp":"2026-04-09T07:18:42.049Z"}
{"level":"info","message":"Server running on port http://localhost:8080","service":"RBAC-API","timestamp":"2026-04-09T07:19:12.236Z"}
{"level":"info","message":"Seeding Roles & Permissions","service":"RBAC-API","timestamp":"2026-04-09T07:19:12.690Z"}
{"level":"info","message":"MongoDB connected","service":"RBAC-API","timestamp":"2026-04-09T07:19:12.691Z"}
{"level":"info","message":"Roles & Permissions Seeded","service":"RBAC-API","timestamp":"2026-04-09T07:19:13.213Z"}
{"level":"info","message":"Server running on port http://localhost:8080","service":"RBAC-API","timestamp":"2026-04-09T07:19:15.402Z"}
{"level":"info","message":"Seeding Roles & Permissions","service":"RBAC-API","timestamp":"2026-04-09T07:19:15.868Z"}
{"level":"info","message":"MongoDB connected","service":"RBAC-API","timestamp":"2026-04-09T07:19:15.869Z"}
{"level":"info","message":"Roles & Permissions Seeded","service":"RBAC-API","timestamp":"2026-04-09T07:19:16.390Z"}
{"level":"info","message":"Server running on port http://localhost:8080","service":"RBAC-API","timestamp":"2026-04-09T07:19:23.271Z"}
{"level":"info","message":"Seeding Roles & Permissions","service":"RBAC-API","timestamp":"2026-04-09T07:19:23.747Z"}
{"level":"info","message":"MongoDB connected","service":"RBAC-API","timestamp":"2026-04-09T07:19:23.748Z"}
{"level":"info","message":"Roles & Permissions Seeded","service":"RBAC-API","timestamp":"2026-04-09T07:19:24.256Z"}
{"level":"info","message":"Server running on port http://localhost:8080","service":"RBAC-API","timestamp":"2026-04-09T07:19:32.079Z"}
{"level":"info","message":"Seeding Roles & Permissions","service":"RBAC-API","timestamp":"2026-04-09T07:19:32.660Z"}
{"level":"info","message":"MongoDB connected","service":"RBAC-API","timestamp":"2026-04-09T07:19:32.661Z"}
{"level":"info","message":"Roles & Permissions Seeded","service":"RBAC-API","timestamp":"2026-04-09T07:19:33.221Z"}
{"level":"info","message":"Server running on port http://localhost:8080","service":"RBAC-API","timestamp":"2026-04-09T07:19:33.923Z"}
{"level":"info","message":"Seeding Roles & Permissions","service":"RBAC-API","timestamp":"2026-04-09T07:19:34.390Z"}
{"level":"info","message":"MongoDB connected","service":"RBAC-API","timestamp":"2026-04-09T07:19:34.392Z"}
{"level":"info","message":"Roles & Permissions Seeded","service":"RBAC-API","timestamp":"2026-04-09T07:19:34.937Z"}
{"level":"info","message":"Server running on port http://localhost:8080","service":"RBAC-API","timestamp":"2026-04-09T07:19:36.114Z"}
{"level":"info","message":"Seeding Roles & Permissions","service":"RBAC-API","timestamp":"2026-04-09T07:19:36.666Z"}
{"level":"info","message":"MongoDB connected","service":"RBAC-API","timestamp":"2026-04-09T07:19:36.667Z"}
{"level":"info","message":"Roles & Permissions Seeded","service":"RBAC-API","timestamp":"2026-04-09T07:19:37.230Z"}
{"level":"info","message":"Server running on port http://localhost:8080","service":"RBAC-API","timestamp":"2026-04-09T07:19:39.694Z"}
{"level":"info","message":"Seeding Roles & Permissions","service":"RBAC-API","timestamp":"2026-04-09T07:19:40.187Z"}
{"level":"info","message":"MongoDB connected","service":"RBAC-API","timestamp":"2026-04-09T07:19:40.188Z"}
{"level":"info","message":"Roles & Permissions Seeded","service":"RBAC-API","timestamp":"2026-04-09T07:19:40.808Z"}
{"level":"info","message":"Server running on port http://localhost:8080","service":"RBAC-API","timestamp":"2026-04-09T07:19:54.354Z"}
{"level":"info","message":"Seeding Roles & Permissions","service":"RBAC-API","timestamp":"2026-04-09T07:19:54.794Z"}
{"level":"info","message":"MongoDB connected","service":"RBAC-API","timestamp":"2026-04-09T07:19:54.795Z"}
{"level":"info","message":"Roles & Permissions Seeded","service":"RBAC-API","timestamp":"2026-04-09T07:19:55.339Z"}
{"level":"info","message":"Server running on port http://localhost:8080","service":"RBAC-API","timestamp":"2026-04-09T07:19:57.624Z"}
{"level":"info","message":"Seeding Roles & Permissions","service":"RBAC-API","timestamp":"2026-04-09T07:19:58.097Z"}
{"level":"info","message":"MongoDB connected","service":"RBAC-API","timestamp":"2026-04-09T07:19:58.098Z"}
{"level":"info","message":"Roles & Permissions Seeded","service":"RBAC-API","timestamp":"2026-04-09T07:19:58.642Z"}
{"level":"info","message":"Server running on port http://localhost:8080","service":"RBAC-API","timestamp":"2026-04-09T07:20:09.874Z"}
{"level":"info","message":"Seeding Roles & Permissions","service":"RBAC-API","timestamp":"2026-04-09T07:20:10.458Z"}
{"level":"info","message":"MongoDB connected","service":"RBAC-API","timestamp":"2026-04-09T07:20:10.461Z"}
{"level":"info","message":"Roles & Permissions Seeded","service":"RBAC-API","timestamp":"2026-04-09T07:20:10.980Z"}
{"level":"info","message":"Server running on port http://localhost:8080","service":"RBAC-API","timestamp":"2026-04-09T07:20:16.664Z"}
{"level":"info","message":"Seeding Roles & Permissions","service":"RBAC-API","timestamp":"2026-04-09T07:20:17.143Z"}
{"level":"info","message":"MongoDB connected","service":"RBAC-API","timestamp":"2026-04-09T07:20:17.145Z"}
{"level":"info","message":"Roles & Permissions Seeded","service":"RBAC-API","timestamp":"2026-04-09T07:20:17.667Z"}
{"level":"info","message":"Server running on port http://localhost:8080","service":"RBAC-API","timestamp":"2026-04-09T07:20:23.648Z"}
{"level":"info","message":"Seeding Roles & Permissions","service":"RBAC-API","timestamp":"2026-04-09T07:20:24.070Z"}
{"level":"info","message":"MongoDB connected","service":"RBAC-API","timestamp":"2026-04-09T07:20:24.071Z"}
{"level":"info","message":"Roles & Permissions Seeded","service":"RBAC-API","timestamp":"2026-04-09T07:20:24.600Z"}
{"level":"info","message":"Server running on port http://localhost:8080","service":"RBAC-API","timestamp":"2026-04-09T07:20:38.669Z"}
{"level":"info","message":"Seeding Roles & Permissions","service":"RBAC-API","timestamp":"2026-04-09T07:20:39.138Z"}
{"level":"info","message":"MongoDB connected","service":"RBAC-API","timestamp":"2026-04-09T07:20:39.139Z"}
{"level":"info","message":"Roles & Permissions Seeded","service":"RBAC-API","timestamp":"2026-04-09T07:20:39.655Z"}
{"level":"info","message":"Server running on port http://localhost:8080","service":"RBAC-API","timestamp":"2026-04-09T07:21:22.949Z"}
{"level":"info","message":"MongoDB connected","service":"RBAC-API","timestamp":"2026-04-09T07:21:23.401Z"}
{"level":"info","message":"Server running on port http://localhost:8080","service":"RBAC-API","timestamp":"2026-04-09T07:21:53.751Z"}
{"level":"info","message":"MongoDB connected","service":"RBAC-API","timestamp":"2026-04-09T07:21:54.252Z"}
{"level":"info","message":"Server running on port http://localhost:8080","service":"RBAC-API","timestamp":"2026-04-09T07:22:20.192Z"}
{"level":"info","message":"MongoDB connected","service":"RBAC-API","timestamp":"2026-04-09T07:22:20.604Z"}
{"level":"info","message":"Server running on port http://localhost:8080","service":"RBAC-API","timestamp":"2026-04-09T07:22:23.392Z"}
{"level":"info","message":"MongoDB connected","service":"RBAC-API","timestamp":"2026-04-09T07:22:23.958Z"}
{"level":"info","message":"Server running on port http://localhost:8080","service":"RBAC-API","timestamp":"2026-04-09T07:22:32.014Z"}
{"level":"info","message":"MongoDB connected","service":"RBAC-API","timestamp":"2026-04-09T07:22:32.449Z"}
{"level":"info","message":"Server running on port http://localhost:8080","service":"RBAC-API","timestamp":"2026-04-09T07:23:49.760Z"}
{"level":"info","message":"MongoDB connected","service":"RBAC-API","timestamp":"2026-04-09T07:23:50.271Z"}
{"level":"info","message":"Server running on port http://localhost:8080","service":"RBAC-API","timestamp":"2026-04-09T07:24:21.477Z"}
{"level":"info","message":"MongoDB connected","service":"RBAC-API","timestamp":"2026-04-09T07:24:22.024Z"}
{"level":"info","message":"Server running on port http://localhost:8080","service":"RBAC-API","timestamp":"2026-04-09T07:25:32.096Z"}
{"level":"info","message":"MongoDB connected","service":"RBAC-API","timestamp":"2026-04-09T07:25:32.600Z"}
{"level":"info","message":"Server running on port http://localhost:8080","service":"RBAC-API","timestamp":"2026-04-09T07:25:34.912Z"}
{"level":"info","message":"MongoDB connected","service":"RBAC-API","timestamp":"2026-04-09T07:25:35.358Z"}
{"level":"info","message":"Server running on port http://localhost:8080","service":"RBAC-API","timestamp":"2026-04-09T07:25:37.398Z"}
{"level":"info","message":"MongoDB connected","service":"RBAC-API","timestamp":"2026-04-09T07:25:37.880Z"}
{"level":"info","message":"Server running on port http://localhost:8080","service":"RBAC-API","timestamp":"2026-04-09T07:25:41.673Z"}
{"level":"info","message":"MongoDB connected","service":"RBAC-API","timestamp":"2026-04-09T07:25:42.130Z"}
{"level":"info","message":"Server running on port http://localhost:8080","service":"RBAC-API","timestamp":"2026-04-09T07:25:49.255Z"}
{"level":"info","message":"MongoDB connected","service":"RBAC-API","timestamp":"2026-04-09T07:25:49.725Z"}
{"level":"info","message":"Server running on port http://localhost:8080","service":"RBAC-API","timestamp":"2026-04-09T07:25:50.931Z"}
{"level":"info","message":"MongoDB connected","service":"RBAC-API","timestamp":"2026-04-09T07:25:51.379Z"}
{"level":"info","message":"Server running on port http://localhost:8080","service":"RBAC-API","timestamp":"2026-04-09T07:25:55.421Z"}
{"level":"info","message":"MongoDB connected","service":"RBAC-API","timestamp":"2026-04-09T07:25:55.879Z"}
{"level":"info","message":"Server running on port http://localhost:8080","service":"RBAC-API","timestamp":"2026-04-09T07:26:13.042Z"}
{"level":"info","message":"MongoDB connected","service":"RBAC-API","timestamp":"2026-04-09T07:26:13.551Z"}
{"level":"info","message":"Server running on port http://localhost:8080","service":"RBAC-API","timestamp":"2026-04-09T07:26:14.141Z"}
{"level":"info","message":"MongoDB connected","service":"RBAC-API","timestamp":"2026-04-09T07:26:14.611Z"}
{"level":"info","message":"Server running on port http://localhost:8080","service":"RBAC-API","timestamp":"2026-04-09T07:26:27.421Z"}
{"level":"info","message":"MongoDB connected","service":"RBAC-API","timestamp":"2026-04-09T07:26:27.878Z"}
{"level":"info","message":"Server running on port http://localhost:8080","service":"RBAC-API","timestamp":"2026-04-09T07:26:34.501Z"}
{"level":"info","message":"MongoDB connected","service":"RBAC-API","timestamp":"2026-04-09T07:26:34.995Z"}
{"level":"info","message":"Server running on port http://localhost:8080","service":"RBAC-API","timestamp":"2026-04-09T07:26:50.443Z"}
{"level":"info","message":"MongoDB connected","service":"RBAC-API","timestamp":"2026-04-09T07:26:50.911Z"}
{"level":"info","message":"Server running on port http://localhost:8080","service":"RBAC-API","timestamp":"2026-04-09T08:39:55.273Z"}
{"level":"info","message":"MongoDB connected","service":"RBAC-API","timestamp":"2026-04-09T08:39:55.830Z"}
{"level":"info","message":"Server running on port http://localhost:8080","service":"RBAC-API","timestamp":"2026-04-09T08:39:57.544Z"}
{"level":"info","message":"MongoDB connected","service":"RBAC-API","timestamp":"2026-04-09T08:39:57.950Z"}
{"level":"info","message":"Server running on port http://localhost:8080","service":"RBAC-API","timestamp":"2026-04-09T08:40:02.531Z"}
{"level":"info","message":"MongoDB connected","service":"RBAC-API","timestamp":"2026-04-09T08:40:02.965Z"}
{"level":"info","message":"Server running on port http://localhost:8080","service":"RBAC-API","timestamp":"2026-04-09T08:40:05.844Z"}
{"level":"info","message":"MongoDB connected","service":"RBAC-API","timestamp":"2026-04-09T08:40:06.253Z"}
{"level":"info","message":"Server running on port http://localhost:8080","service":"RBAC-API","timestamp":"2026-04-09T08:40:08.323Z"}
{"level":"info","message":"MongoDB connected","service":"RBAC-API","timestamp":"2026-04-09T08:40:08.747Z"}
{"level":"info","message":"Server running on port http://localhost:8080","service":"RBAC-API","timestamp":"2026-04-09T08:40:22.766Z"}
{"level":"info","message":"MongoDB connected","service":"RBAC-API","timestamp":"2026-04-09T08:40:23.203Z"}
{"level":"info","message":"Server running on port http://localhost:8080","service":"RBAC-API","timestamp":"2026-04-09T08:40:24.642Z"}
{"level":"info","message":"MongoDB connected","service":"RBAC-API","timestamp":"2026-04-09T08:40:25.063Z"}
{"level":"info","message":"Server running on port http://localhost:8080","service":"RBAC-API","timestamp":"2026-04-09T08:40:29.173Z"}
{"level":"info","message":"MongoDB connected","service":"RBAC-API","timestamp":"2026-04-09T08:40:29.592Z"}
{"level":"info","message":"Server running on port http://localhost:8080","service":"RBAC-API","timestamp":"2026-04-09T08:40:39.115Z"}
{"level":"info","message":"MongoDB connected","service":"RBAC-API","timestamp":"2026-04-09T08:40:39.527Z"}
{"level":"info","message":"Server running on port http://localhost:8080","service":"RBAC-API","timestamp":"2026-04-09T08:40:43.072Z"}
{"level":"info","message":"MongoDB connected","service":"RBAC-API","timestamp":"2026-04-09T08:40:43.498Z"}
{"level":"info","message":"Server running on port http://localhost:8080","service":"RBAC-API","timestamp":"2026-04-09T08:40:47.360Z"}
{"level":"info","message":"MongoDB connected","service":"RBAC-API","timestamp":"2026-04-09T08:40:47.786Z"}
{"level":"info","message":"Server running on port http://localhost:8080","service":"RBAC-API","timestamp":"2026-04-09T08:40:56.073Z"}
{"level":"info","message":"MongoDB connected","service":"RBAC-API","timestamp":"2026-04-09T08:40:56.566Z"}
{"level":"info","message":"Server running on port http://localhost:8080","service":"RBAC-API","timestamp":"2026-04-09T08:40:58.260Z"}
{"level":"info","message":"MongoDB connected","service":"RBAC-API","timestamp":"2026-04-09T08:40:58.694Z"}
{"level":"info","message":"Server running on port http://localhost:8080","service":"RBAC-API","timestamp":"2026-04-09T08:41:01.108Z"}
{"level":"info","message":"MongoDB connected","service":"RBAC-API","timestamp":"2026-04-09T08:41:01.547Z"}
{"level":"info","message":null,"service":"RBAC-API","timestamp":"2026-04-09T08:47:13.382Z"}
{"level":"error","message":"Role not found","service":"RBAC-API","timestamp":"2026-04-09T08:47:13.382Z"}
{"level":"info","message":"Server running on port http://localhost:8080","service":"RBAC-API","timestamp":"2026-04-09T08:48:26.561Z"}
{"level":"info","message":"MongoDB connected","service":"RBAC-API","timestamp":"2026-04-09T08:48:27.171Z"}
{"level":"info","message":"Server running on port http://localhost:8080","service":"RBAC-API","timestamp":"2026-04-09T08:48:28.710Z"}
{"level":"info","message":"MongoDB connected","service":"RBAC-API","timestamp":"2026-04-09T08:48:29.274Z"}
{"level":"info","message":"Server running on port http://localhost:8080","service":"RBAC-API","timestamp":"2026-04-09T08:48:37.246Z"}
{"level":"info","message":"MongoDB connected","service":"RBAC-API","timestamp":"2026-04-09T08:48:37.791Z"}
{"level":"info","message":null,"service":"RBAC-API","timestamp":"2026-04-09T08:48:46.750Z"}
{"level":"error","message":"Role not found","service":"RBAC-API","timestamp":"2026-04-09T08:48:46.751Z"}
{"level":"info","message":"Server running on port http://localhost:8080","service":"RBAC-API","timestamp":"2026-04-09T08:49:19.827Z"}
{"level":"info","message":"MongoDB connected","service":"RBAC-API","timestamp":"2026-04-09T08:49:20.365Z"}
{"level":"info","message":"Server running on port http://localhost:8080","service":"RBAC-API","timestamp":"2026-04-09T08:49:25.916Z"}
{"level":"info","message":"MongoDB connected","service":"RBAC-API","timestamp":"2026-04-09T08:49:26.538Z"}
{"level":"info","message":"Server running on port http://localhost:8080","service":"RBAC-API","timestamp":"2026-04-09T08:49:28.177Z"}
{"level":"info","message":"MongoDB connected","service":"RBAC-API","timestamp":"2026-04-09T08:49:28.722Z"}
{"level":"info","message":"Server running on port http://localhost:8080","service":"RBAC-API","timestamp":"2026-04-09T08:49:51.530Z"}
{"level":"info","message":"MongoDB connected","service":"RBAC-API","timestamp":"2026-04-09T08:49:52.079Z"}
{"level":"info","message":"role data","service":"RBAC-API","timestamp":"2026-04-09T08:49:55.430Z"}
{"level":"error","message":"Role not found","service":"RBAC-API","timestamp":"2026-04-09T08:49:55.431Z"}
{"level":"info","message":"Server running on port http://localhost:8080","service":"RBAC-API","timestamp":"2026-04-09T08:50:18.820Z"}
{"level":"info","message":"MongoDB connected","service":"RBAC-API","timestamp":"2026-04-09T08:50:19.375Z"}
{"level":"info","message":"role data","service":"RBAC-API","timestamp":"2026-04-09T08:50:30.592Z"}
{"level":"error","message":"Role not found","service":"RBAC-API","timestamp":"2026-04-09T08:50:30.593Z"}
{"level":"info","message":"Server running on port http://localhost:8080","service":"RBAC-API","timestamp":"2026-04-09T08:50:42.385Z"}
{"level":"info","message":"MongoDB connected","service":"RBAC-API","timestamp":"2026-04-09T08:50:42.917Z"}
{"level":"info","message":"Server running on port http://localhost:8080","service":"RBAC-API","timestamp":"2026-04-09T08:51:13.823Z"}
{"level":"info","message":"MongoDB connected","service":"RBAC-API","timestamp":"2026-04-09T08:51:14.402Z"}
{"level":"info","message":{"_id":"69d75347f7fcdacf90dfe08b","createdAt":"2026-04-09T07:20:39.384Z","name":"admin","permissions":["69d75347f7fcdacf90dfe087","69d75347f7fcdacf90dfe088","69d75347f7fcdacf90dfe089","69d75347f7fcdacf90dfe08a"],"updatedAt":"2026-04-09T07:20:39.384Z"},"service":"RBAC-API","timestamp":"2026-04-09T08:52:41.659Z"}
{"level":"error","message":"next is not a function","service":"RBAC-API","timestamp":"2026-04-09T08:52:41.827Z"}
{"level":"info","message":"Server running on port http://localhost:8080","service":"RBAC-API","timestamp":"2026-04-09T08:55:32.658Z"}
{"level":"info","message":"MongoDB connected","service":"RBAC-API","timestamp":"2026-04-09T08:55:33.172Z"}
{"level":"info","message":{"_id":"69d75347f7fcdacf90dfe08b","createdAt":"2026-04-09T07:20:39.384Z","name":"admin","permissions":["69d75347f7fcdacf90dfe087","69d75347f7fcdacf90dfe088","69d75347f7fcdacf90dfe089","69d75347f7fcdacf90dfe08a"],"updatedAt":"2026-04-09T07:20:39.384Z"},"service":"RBAC-API","timestamp":"2026-04-09T08:56:00.469Z"}
{"level":"info","message":"Server running on port http://localhost:8080","service":"RBAC-API","timestamp":"2026-04-09T08:57:17.206Z"}
{"level":"info","message":"MongoDB connected","service":"RBAC-API","timestamp":"2026-04-09T08:57:17.716Z"}
{"level":"info","message":"Server running on port http://localhost:8080","service":"RBAC-API","timestamp":"2026-04-09T08:59:53.177Z"}
{"level":"info","message":"MongoDB connected","service":"RBAC-API","timestamp":"2026-04-09T08:59:53.678Z"}
{"level":"info","message":"Server running on port http://localhost:8080","service":"RBAC-API","timestamp":"2026-04-09T08:59:56.603Z"}
{"level":"info","message":"MongoDB connected","service":"RBAC-API","timestamp":"2026-04-09T08:59:57.018Z"}
{"level":"info","message":"user","service":"RBAC-API","timestamp":"2026-04-09T09:00:35.357Z"}
{"level":"info","message":"manager","service":"RBAC-API","timestamp":"2026-04-09T09:01:29.307Z"}
{"level":"info","message":"Server running on port http://localhost:8080","service":"RBAC-API","timestamp":"2026-04-09T09:02:31.358Z"}
{"level":"info","message":"MongoDB connected","service":"RBAC-API","timestamp":"2026-04-09T09:02:31.830Z"}
{"level":"info","message":"Server running on port http://localhost:8080","service":"RBAC-API","timestamp":"2026-04-09T09:02:37.239Z"}
{"level":"info","message":"MongoDB connected","service":"RBAC-API","timestamp":"2026-04-09T09:02:37.655Z"}
{"level":"info","message":"Server running on port http://localhost:8080","service":"RBAC-API","timestamp":"2026-04-09T09:03:51.058Z"}
{"level":"info","message":"MongoDB connected","service":"RBAC-API","timestamp":"2026-04-09T09:03:51.538Z"}
{"level":"info","message":"Server running on port http://localhost:8080","service":"RBAC-API","timestamp":"2026-04-09T09:03:57.606Z"}
{"level":"info","message":"Server running on port http://localhost:8080","service":"RBAC-API","timestamp":"2026-04-09T09:04:00.704Z"}
{"level":"info","message":"MongoDB connected","service":"RBAC-API","timestamp":"2026-04-09T09:04:01.132Z"}
{"level":"info","message":"Server running on port http://localhost:8080","service":"RBAC-API","timestamp":"2026-04-09T09:04:09.669Z"}
{"level":"info","message":"MongoDB connected","service":"RBAC-API","timestamp":"2026-04-09T09:04:10.097Z"}
{"level":"info","message":"Server running on port http://localhost:8080","service":"RBAC-API","timestamp":"2026-04-09T09:04:13.680Z"}
{"level":"info","message":"MongoDB connected","service":"RBAC-API","timestamp":"2026-04-09T09:04:14.112Z"}
{"level":"info","message":"Server running on port http://localhost:8080","service":"RBAC-API","timestamp":"2026-04-09T09:06:32.388Z"}
{"level":"info","message":"MongoDB connected","service":"RBAC-API","timestamp":"2026-04-09T09:06:32.856Z"}
{"level":"info","message":"Server running on port http://localhost:8080","service":"RBAC-API","timestamp":"2026-04-09T09:06:33.339Z"}
{"level":"info","message":"MongoDB connected","service":"RBAC-API","timestamp":"2026-04-09T09:06:33.824Z"}
{"level":"info","message":"Server running on port http://localhost:8080","service":"RBAC-API","timestamp":"2026-04-09T09:07:02.377Z"}
{"level":"info","message":"MongoDB connected","service":"RBAC-API","timestamp":"2026-04-09T09:07:02.820Z"}
{"level":"info","message":"Server running on port http://localhost:8080","service":"RBAC-API","timestamp":"2026-04-09T09:07:06.626Z"}
{"level":"info","message":"MongoDB connected","service":"RBAC-API","timestamp":"2026-04-09T09:07:07.094Z"}
{"level":"info","message":"Server running on port http://localhost:8080","service":"RBAC-API","timestamp":"2026-04-09T09:07:19.855Z"}
{"level":"info","message":"MongoDB connected","service":"RBAC-API","timestamp":"2026-04-09T09:07:20.313Z"}
{"level":"info","message":"Server running on port http://localhost:8080","service":"RBAC-API","timestamp":"2026-04-09T09:07:21.749Z"}
{"level":"info","message":"MongoDB connected","service":"RBAC-API","timestamp":"2026-04-09T09:07:22.159Z"}
{"level":"info","message":"Server running on port http://localhost:8080","service":"RBAC-API","timestamp":"2026-04-09T09:07:25.740Z"}
{"level":"info","message":"MongoDB connected","service":"RBAC-API","timestamp":"2026-04-09T09:07:26.207Z"}
{"level":"info","message":"Server running on port http://localhost:8080","service":"RBAC-API","timestamp":"2026-04-09T09:07:29.339Z"}
{"level":"info","message":"MongoDB connected","service":"RBAC-API","timestamp":"2026-04-09T09:07:29.766Z"}
{"level":"info","message":"Server running on port http://localhost:8080","service":"RBAC-API","timestamp":"2026-04-09T09:07:33.431Z"}
{"level":"info","message":"MongoDB connected","service":"RBAC-API","timestamp":"2026-04-09T09:07:34.025Z"}
{"level":"info","message":"Server running on port http://localhost:8080","service":"RBAC-API","timestamp":"2026-04-09T09:07:35.555Z"}
{"level":"info","message":"MongoDB connected","service":"RBAC-API","timestamp":"2026-04-09T09:07:36.055Z"}
{"level":"info","message":"Server running on port http://localhost:8080","service":"RBAC-API","timestamp":"2026-04-09T09:44:44.142Z"}
{"level":"info","message":"MongoDB connected","service":"RBAC-API","timestamp":"2026-04-09T09:44:44.650Z"}
{"level":"info","message":"Server running on port http://localhost:8080","service":"RBAC-API","timestamp":"2026-04-09T09:44:50.178Z"}
{"level":"info","message":"MongoDB connected","service":"RBAC-API","timestamp":"2026-04-09T09:44:50.622Z"}
{"level":"info","message":"Server running on port http://localhost:8080","service":"RBAC-API","timestamp":"2026-04-09T10:02:13.090Z"}
{"level":"info","message":"MongoDB connected","service":"RBAC-API","timestamp":"2026-04-09T10:02:13.792Z"}
{"level":"info","message":"Server running on port http://localhost:8080","service":"RBAC-API","timestamp":"2026-04-09T10:02:31.968Z"}
{"level":"info","message":"MongoDB connected","service":"RBAC-API","timestamp":"2026-04-09T10:02:32.533Z"}
{"level":"info","message":"Server running on port http://localhost:8080","service":"RBAC-API","timestamp":"2026-04-09T10:02:51.303Z"}
{"level":"info","message":"Server running on port http://localhost:8080","service":"RBAC-API","timestamp":"2026-04-09T10:02:53.454Z"}
{"level":"info","message":"MongoDB connected","service":"RBAC-API","timestamp":"2026-04-09T10:02:54.101Z"}
{"level":"info","message":"Server running on port http://localhost:8080","service":"RBAC-API","timestamp":"2026-04-09T10:02:59.489Z"}
{"level":"info","message":"MongoDB connected","service":"RBAC-API","timestamp":"2026-04-09T10:03:00.132Z"}
{"level":"info","message":"Server running on port http://localhost:8080","service":"RBAC-API","timestamp":"2026-04-09T10:03:02.448Z"}
{"level":"info","message":"MongoDB connected","service":"RBAC-API","timestamp":"2026-04-09T10:03:03.075Z"}
{"level":"info","message":"Server running on port http://localhost:8080","service":"RBAC-API","timestamp":"2026-04-09T10:03:04.349Z"}
{"level":"info","message":"Server running on port http://localhost:8080","service":"RBAC-API","timestamp":"2026-04-09T10:03:08.105Z"}
{"level":"info","message":"MongoDB connected","service":"RBAC-API","timestamp":"2026-04-09T10:03:08.678Z"}
{"level":"info","message":"Server running on port http://localhost:8080","service":"RBAC-API","timestamp":"2026-04-09T10:03:14.543Z"}
{"level":"info","message":"MongoDB connected","service":"RBAC-API","timestamp":"2026-04-09T10:03:15.351Z"}
{"level":"info","message":"Server running on port http://localhost:8080","service":"RBAC-API","timestamp":"2026-04-09T10:03:19.277Z"}
{"level":"info","message":"MongoDB connected","service":"RBAC-API","timestamp":"2026-04-09T10:03:19.931Z"}
{"level":"info","message":"Server running on port http://localhost:8080","service":"RBAC-API","timestamp":"2026-04-09T10:03:22.021Z"}
{"level":"info","message":"MongoDB connected","service":"RBAC-API","timestamp":"2026-04-09T10:03:22.603Z"}
{"level":"info","message":"Server running on port http://localhost:8080","service":"RBAC-API","timestamp":"2026-04-09T10:03:26.390Z"}
{"level":"info","message":"MongoDB connected","service":"RBAC-API","timestamp":"2026-04-09T10:03:26.965Z"}
{"level":"info","message":"Server running on port http://localhost:8080","service":"RBAC-API","timestamp":"2026-04-09T10:03:28.879Z"}
{"level":"info","message":"MongoDB connected","service":"RBAC-API","timestamp":"2026-04-09T10:03:29.515Z"}
{"level":"info","message":"Server running on port http://localhost:8080","service":"RBAC-API","timestamp":"2026-04-09T10:03:31.691Z"}
{"level":"info","message":"MongoDB connected","service":"RBAC-API","timestamp":"2026-04-09T10:03:32.247Z"}
{"level":"info","message":"Server running on port http://localhost:8080","service":"RBAC-API","timestamp":"2026-04-09T10:03:39.953Z"}
{"level":"info","message":"MongoDB connected","service":"RBAC-API","timestamp":"2026-04-09T10:03:40.531Z"}
{"level":"info","message":"Server running on port http://localhost:8080","service":"RBAC-API","timestamp":"2026-04-09T10:03:46.505Z"}
{"level":"info","message":"MongoDB connected","service":"RBAC-API","timestamp":"2026-04-09T10:03:47.151Z"}
{"level":"info","message":"Server running on port http://localhost:8080","service":"RBAC-API","timestamp":"2026-04-09T10:03:49.746Z"}
{"level":"info","message":"MongoDB connected","service":"RBAC-API","timestamp":"2026-04-09T10:03:50.389Z"}
{"level":"info","message":"Server running on port http://localhost:8080","service":"RBAC-API","timestamp":"2026-04-09T10:03:53.189Z"}
{"level":"info","message":"MongoDB connected","service":"RBAC-API","timestamp":"2026-04-09T10:03:53.755Z"}
{"level":"info","message":"Server running on port http://localhost:8080","service":"RBAC-API","timestamp":"2026-04-09T10:03:55.343Z"}
{"level":"info","message":"MongoDB connected","service":"RBAC-API","timestamp":"2026-04-09T10:03:55.911Z"}
{"level":"info","message":"Server running on port http://localhost:8080","service":"RBAC-API","timestamp":"2026-04-09T10:03:56.861Z"}
{"level":"info","message":"Server running on port http://localhost:8080","service":"RBAC-API","timestamp":"2026-04-09T10:03:59.475Z"}
{"level":"info","message":"MongoDB connected","service":"RBAC-API","timestamp":"2026-04-09T10:04:00.111Z"}
{"level":"info","message":"Server running on port http://localhost:8080","service":"RBAC-API","timestamp":"2026-04-09T10:04:01.306Z"}
{"level":"info","message":"Server running on port http://localhost:8080","service":"RBAC-API","timestamp":"2026-04-09T10:04:10.469Z"}
{"level":"info","message":"MongoDB connected","service":"RBAC-API","timestamp":"2026-04-09T10:04:11.100Z"}
{"level":"info","message":"Server running on port http://localhost:8080","service":"RBAC-API","timestamp":"2026-04-09T10:04:17.750Z"}
{"level":"info","message":"MongoDB connected","service":"RBAC-API","timestamp":"2026-04-09T10:04:18.531Z"}
{"level":"info","message":"Server running on port http://localhost:8080","service":"RBAC-API","timestamp":"2026-04-09T10:12:18.957Z"}
{"level":"info","message":"MongoDB connected","service":"RBAC-API","timestamp":"2026-04-09T10:12:19.750Z"}
{"level":"info","message":"Server running on port http://localhost:8080","service":"RBAC-API","timestamp":"2026-04-09T10:12:37.859Z"}
{"level":"info","message":"MongoDB connected","service":"RBAC-API","timestamp":"2026-04-09T10:12:38.451Z"}
{"level":"info","message":"Server running on port http://localhost:8080","service":"RBAC-API","timestamp":"2026-04-09T10:22:05.505Z"}
{"level":"info","message":"MongoDB connected","service":"RBAC-API","timestamp":"2026-04-09T10:22:06.255Z"}
{"level":"info","message":"Server running on port http://localhost:8080","service":"RBAC-API","timestamp":"2026-04-09T10:25:02.854Z"}
{"level":"info","message":"MongoDB connected","service":"RBAC-API","timestamp":"2026-04-09T10:25:03.522Z"}
{"level":"info","message":"Server running on port http://localhost:8080","service":"RBAC-API","timestamp":"2026-04-09T10:25:06.378Z"}
{"level":"info","message":"MongoDB connected","service":"RBAC-API","timestamp":"2026-04-09T10:25:07.009Z"}
{"level":"info","message":"Server running on port http://localhost:8080","service":"RBAC-API","timestamp":"2026-04-09T10:25:11.773Z"}
{"level":"info","message":"MongoDB connected","service":"RBAC-API","timestamp":"2026-04-09T10:25:12.475Z"}
{"level":"info","message":"Server running on port http://localhost:8080","service":"RBAC-API","timestamp":"2026-04-09T10:25:19.624Z"}
{"level":"info","message":"MongoDB connected","service":"RBAC-API","timestamp":"2026-04-09T10:25:20.356Z"}
{"level":"info","message":"Server running on port http://localhost:8080","service":"RBAC-API","timestamp":"2026-04-09T10:25:21.312Z"}
{"level":"info","message":"MongoDB connected","service":"RBAC-API","timestamp":"2026-04-09T10:25:21.972Z"}
{"level":"info","message":"Server running on port http://localhost:8080","service":"RBAC-API","timestamp":"2026-04-09T10:25:28.406Z"}
{"level":"info","message":"MongoDB connected","service":"RBAC-API","timestamp":"2026-04-09T10:25:28.985Z"}
{"level":"info","message":"Server running on port http://localhost:8080","service":"RBAC-API","timestamp":"2026-04-09T10:25:49.102Z"}
{"level":"info","message":"MongoDB connected","service":"RBAC-API","timestamp":"2026-04-09T10:25:49.787Z"}
{"level":"info","message":"Server running on port http://localhost:8080","service":"RBAC-API","timestamp":"2026-04-09T10:25:54.613Z"}
{"level":"info","message":"MongoDB connected","service":"RBAC-API","timestamp":"2026-04-09T10:25:55.262Z"}
{"level":"info","message":"Server running on port http://localhost:8080","service":"RBAC-API","timestamp":"2026-04-09T10:25:59.583Z"}
{"level":"info","message":"MongoDB connected","service":"RBAC-API","timestamp":"2026-04-09T10:26:00.191Z"}
{"level":"info","message":"Server running on port http://localhost:8080","service":"RBAC-API","timestamp":"2026-04-09T10:26:01.004Z"}
{"level":"info","message":"MongoDB connected","service":"RBAC-API","timestamp":"2026-04-09T10:26:01.571Z"}
{"level":"info","message":"Server running on port http://localhost:8080","service":"RBAC-API","timestamp":"2026-04-09T10:26:43.240Z"}
{"level":"info","message":"MongoDB connected","service":"RBAC-API","timestamp":"2026-04-09T10:26:43.924Z"}
{"level":"info","message":"Server running on port http://localhost:8080","service":"RBAC-API","timestamp":"2026-04-09T10:27:28.560Z"}
{"level":"info","message":"MongoDB connected","service":"RBAC-API","timestamp":"2026-04-09T10:27:31.417Z"}
{"level":"info","message":"Server running on port http://localhost:8080","service":"RBAC-API","timestamp":"2026-04-09T10:27:34.815Z"}
{"level":"info","message":"MongoDB connected","service":"RBAC-API","timestamp":"2026-04-09T10:27:35.398Z"}
{"level":"info","message":"Server running on port http://localhost:8080","service":"RBAC-API","timestamp":"2026-04-09T10:27:44.262Z"}
{"level":"info","message":"MongoDB connected","service":"RBAC-API","timestamp":"2026-04-09T10:27:44.811Z"}
{"level":"info","message":"Server running on port http://localhost:8080","service":"RBAC-API","timestamp":"2026-04-09T10:28:56.339Z"}
{"level":"info","message":"MongoDB connected","service":"RBAC-API","timestamp":"2026-04-09T10:28:56.971Z"}
{"level":"info","message":"Server running on port http://localhost:8080","service":"RBAC-API","timestamp":"2026-04-09T10:29:00.294Z"}
{"level":"info","message":"MongoDB connected","service":"RBAC-API","timestamp":"2026-04-09T10:29:00.952Z"}
{"level":"info","message":"Server running on port http://localhost:8080","service":"RBAC-API","timestamp":"2026-04-09T10:29:02.294Z"}
{"level":"info","message":"MongoDB connected","service":"RBAC-API","timestamp":"2026-04-09T10:29:02.946Z"}
{"level":"info","message":"Server running on port http://localhost:8080","service":"RBAC-API","timestamp":"2026-04-09T10:29:06.380Z"}
{"level":"info","message":"MongoDB connected","service":"RBAC-API","timestamp":"2026-04-09T10:29:06.828Z"}
{"level":"info","message":"Server running on port http://localhost:8080","service":"RBAC-API","timestamp":"2026-04-09T10:29:07.942Z"}
{"level":"info","message":"MongoDB connected","service":"RBAC-API","timestamp":"2026-04-09T10:29:08.488Z"}
{"level":"info","message":"Server running on port http://localhost:8080","service":"RBAC-API","timestamp":"2026-04-09T10:29:12.767Z"}
{"level":"info","message":"MongoDB connected","service":"RBAC-API","timestamp":"2026-04-09T10:29:13.320Z"}
{"level":"info","message":"Server running on port http://localhost:8080","service":"RBAC-API","timestamp":"2026-04-09T10:29:14.740Z"}
{"level":"info","message":"MongoDB connected","service":"RBAC-API","timestamp":"2026-04-09T10:29:15.223Z"}
{"level":"info","message":"Server running on port http://localhost:8080","service":"RBAC-API","timestamp":"2026-04-09T10:32:25.988Z"}
{"level":"info","message":"MongoDB connected","service":"RBAC-API","timestamp":"2026-04-09T10:32:26.729Z"}
{"level":"info","message":"Server running on port http://localhost:8080","service":"RBAC-API","timestamp":"2026-04-09T10:32:34.100Z"}
{"level":"info","message":"MongoDB connected","service":"RBAC-API","timestamp":"2026-04-09T10:32:34.575Z"}
{"level":"info","message":"Server running on port http://localhost:8080","service":"RBAC-API","timestamp":"2026-04-09T10:32:45.573Z"}
{"level":"info","message":"MongoDB connected","service":"RBAC-API","timestamp":"2026-04-09T10:32:46.137Z"}
{"level":"info","message":"Server running on port http://localhost:8080","service":"RBAC-API","timestamp":"2026-04-09T10:32:47.371Z"}
{"level":"info","message":"MongoDB connected","service":"RBAC-API","timestamp":"2026-04-09T10:32:47.922Z"}
{"level":"info","message":"Server running on port http://localhost:8080","service":"RBAC-API","timestamp":"2026-04-09T10:35:22.339Z"}
{"level":"info","message":"MongoDB connected","service":"RBAC-API","timestamp":"2026-04-09T10:35:23.035Z"}
{"level":"info","message":"Server running on port http://localhost:8080","service":"RBAC-API","timestamp":"2026-04-09T10:35:29.679Z"}
{"level":"info","message":"MongoDB connected","service":"RBAC-API","timestamp":"2026-04-09T10:35:30.234Z"}
{"level":"info","message":"Server running on port http://localhost:8080","service":"RBAC-API","timestamp":"2026-04-09T10:35:39.373Z"}
{"level":"info","message":"MongoDB connected","service":"RBAC-API","timestamp":"2026-04-09T10:35:42.076Z"}
{"level":"info","message":"Server running on port http://localhost:8080","service":"RBAC-API","timestamp":"2026-04-09T10:35:43.037Z"}
{"level":"info","message":"MongoDB connected","service":"RBAC-API","timestamp":"2026-04-09T10:35:43.620Z"}
{"level":"info","message":"Server running on port http://localhost:8080","service":"RBAC-API","timestamp":"2026-04-09T10:35:45.789Z"}
{"level":"info","message":"MongoDB connected","service":"RBAC-API","timestamp":"2026-04-09T10:35:46.286Z"}
{"level":"info","message":"Server running on port http://localhost:8080","service":"RBAC-API","timestamp":"2026-04-09T10:35:56.238Z"}
{"level":"info","message":"MongoDB connected","service":"RBAC-API","timestamp":"2026-04-09T10:35:56.783Z"}
{"level":"info","message":"Server running on port http://localhost:8080","service":"RBAC-API","timestamp":"2026-04-09T10:35:58.289Z"}
{"level":"info","message":"MongoDB connected","service":"RBAC-API","timestamp":"2026-04-09T10:35:58.744Z"}
{"level":"info","message":"Server running on port http://localhost:8080","service":"RBAC-API","timestamp":"2026-04-09T10:36:03.838Z"}
{"level":"info","message":"MongoDB connected","service":"RBAC-API","timestamp":"2026-04-09T10:36:04.502Z"}
{"level":"info","message":"Server running on port http://localhost:8080","service":"RBAC-API","timestamp":"2026-04-09T10:36:07.795Z"}
{"level":"info","message":"MongoDB connected","service":"RBAC-API","timestamp":"2026-04-09T10:36:08.300Z"}
{"level":"info","message":"Server running on port http://localhost:8080","service":"RBAC-API","timestamp":"2026-04-09T10:36:15.964Z"}
{"level":"info","message":"MongoDB connected","service":"RBAC-API","timestamp":"2026-04-09T10:36:16.497Z"}
{"level":"info","message":"Server running on port http://localhost:8080","service":"RBAC-API","timestamp":"2026-04-09T10:36:20.349Z"}
{"level":"info","message":"MongoDB connected","service":"RBAC-API","timestamp":"2026-04-09T10:36:20.798Z"}
{"level":"info","message":"Server running on port http://localhost:8080","service":"RBAC-API","timestamp":"2026-04-09T10:36:23.981Z"}
{"level":"info","message":"MongoDB connected","service":"RBAC-API","timestamp":"2026-04-09T10:36:24.640Z"}
{"level":"info","message":"Server running on port http://localhost:8080","service":"RBAC-API","timestamp":"2026-04-09T10:36:47.701Z"}
{"level":"info","message":"MongoDB connected","service":"RBAC-API","timestamp":"2026-04-09T10:36:48.254Z"}
{"level":"info","message":"Server running on port http://localhost:8080","service":"RBAC-API","timestamp":"2026-04-09T10:37:04.615Z"}
{"level":"info","message":"MongoDB connected","service":"RBAC-API","timestamp":"2026-04-09T10:37:05.176Z"}
{"level":"info","message":"Server running on port http://localhost:8080","service":"RBAC-API","timestamp":"2026-04-09T10:37:09.731Z"}
{"level":"info","message":"MongoDB connected","service":"RBAC-API","timestamp":"2026-04-09T10:37:10.274Z"}
{"level":"info","message":"Server running on port http://localhost:8080","service":"RBAC-API","timestamp":"2026-04-09T10:37:14.830Z"}
{"level":"info","message":"MongoDB connected","service":"RBAC-API","timestamp":"2026-04-09T10:37:15.360Z"}
{"level":"info","message":"Server running on port http://localhost:8080","service":"RBAC-API","timestamp":"2026-04-09T10:37:16.738Z"}
{"level":"info","message":"MongoDB connected","service":"RBAC-API","timestamp":"2026-04-09T10:37:17.294Z"}
{"level":"info","message":"Server running on port http://localhost:8080","service":"RBAC-API","timestamp":"2026-04-09T10:37:21.990Z"}
{"level":"info","message":"MongoDB connected","service":"RBAC-API","timestamp":"2026-04-09T10:37:22.485Z"}
{"level":"info","message":"Server running on port http://localhost:8080","service":"RBAC-API","timestamp":"2026-04-09T10:37:24.943Z"}
{"level":"info","message":"MongoDB connected","service":"RBAC-API","timestamp":"2026-04-09T10:37:27.653Z"}
{"level":"info","message":"Server running on port http://localhost:8080","service":"RBAC-API","timestamp":"2026-04-09T10:37:30.440Z"}
{"level":"info","message":"MongoDB connected","service":"RBAC-API","timestamp":"2026-04-09T10:37:30.988Z"}
{"level":"info","message":"Server running on port http://localhost:8080","service":"RBAC-API","timestamp":"2026-04-09T10:37:41.571Z"}
{"level":"info","message":"MongoDB connected","service":"RBAC-API","timestamp":"2026-04-09T10:37:42.088Z"}
{"level":"info","message":"Server running on port http://localhost:8080","service":"RBAC-API","timestamp":"2026-04-09T10:39:37.150Z"}
{"level":"info","message":"MongoDB connected","service":"RBAC-API","timestamp":"2026-04-09T10:39:37.896Z"}
{"level":"info","message":"Server running on port http://localhost:8080","service":"RBAC-API","timestamp":"2026-04-09T10:39:42.492Z"}
{"level":"info","message":"MongoDB connected","service":"RBAC-API","timestamp":"2026-04-09T10:39:43.001Z"}
{"level":"info","message":"Server running on port http://localhost:8080","service":"RBAC-API","timestamp":"2026-04-09T10:39:46.139Z"}
{"level":"info","message":"MongoDB connected","service":"RBAC-API","timestamp":"2026-04-09T10:39:46.622Z"}
{"level":"info","message":"Server running on port http://localhost:8080","service":"RBAC-API","timestamp":"2026-04-09T10:39:50.478Z"}
{"level":"info","message":"MongoDB connected","service":"RBAC-API","timestamp":"2026-04-09T10:39:50.976Z"}
{"level":"info","message":"Server running on port http://localhost:8080","service":"RBAC-API","timestamp":"2026-04-09T10:39:52.726Z"}
{"level":"info","message":"MongoDB connected","service":"RBAC-API","timestamp":"2026-04-09T10:39:53.202Z"}
{"level":"info","message":"Server running on port http://localhost:8080","service":"RBAC-API","timestamp":"2026-04-09T10:39:54.571Z"}
{"level":"info","message":"MongoDB connected","service":"RBAC-API","timestamp":"2026-04-09T10:39:55.079Z"}
{"level":"info","message":"Server running on port http://localhost:8080","service":"RBAC-API","timestamp":"2026-04-09T10:39:56.386Z"}
{"level":"info","message":"MongoDB connected","service":"RBAC-API","timestamp":"2026-04-09T10:39:59.130Z"}
{"level":"info","message":"Server running on port http://localhost:8080","service":"RBAC-API","timestamp":"2026-04-09T10:40:06.494Z"}
{"level":"info","message":"MongoDB connected","service":"RBAC-API","timestamp":"2026-04-09T10:40:07.058Z"}
{"level":"info","message":"Server running on port http://localhost:8080","service":"RBAC-API","timestamp":"2026-04-09T10:40:09.071Z"}
{"level":"info","message":"MongoDB connected","service":"RBAC-API","timestamp":"2026-04-09T10:40:09.540Z"}
{"level":"info","message":"Server running on port http://localhost:8080","service":"RBAC-API","timestamp":"2026-04-09T10:40:12.009Z"}
{"level":"info","message":"MongoDB connected","service":"RBAC-API","timestamp":"2026-04-09T10:40:12.516Z"}
{"level":"info","message":"Server running on port http://localhost:8080","service":"RBAC-API","timestamp":"2026-04-09T10:40:17.326Z"}
{"level":"info","message":"MongoDB connected","service":"RBAC-API","timestamp":"2026-04-09T10:40:20.022Z"}
{"level":"info","message":"Server running on port http://localhost:8080","service":"RBAC-API","timestamp":"2026-04-09T10:41:12.912Z"}
{"level":"info","message":"MongoDB connected","service":"RBAC-API","timestamp":"2026-04-09T10:41:13.567Z"}
{"level":"info","message":"Server running on port http://localhost:8080","service":"RBAC-API","timestamp":"2026-04-09T10:41:19.340Z"}
{"level":"info","message":"MongoDB connected","service":"RBAC-API","timestamp":"2026-04-09T10:41:19.902Z"}
{"level":"info","message":"Server running on port http://localhost:8080","service":"RBAC-API","timestamp":"2026-04-09T10:41:21.618Z"}
{"level":"info","message":"MongoDB connected","service":"RBAC-API","timestamp":"2026-04-09T10:41:22.168Z"}
{"level":"info","message":"Server running on port http://localhost:8080","service":"RBAC-API","timestamp":"2026-04-09T10:43:15.124Z"}
{"level":"info","message":"MongoDB connected","service":"RBAC-API","timestamp":"2026-04-09T10:43:15.815Z"}
{"level":"info","message":"Server running on port http://localhost:8080","service":"RBAC-API","timestamp":"2026-04-09T10:43:18.354Z"}
{"level":"info","message":"MongoDB connected","service":"RBAC-API","timestamp":"2026-04-09T10:43:18.854Z"}
{"level":"info","message":"Server running on port http://localhost:8080","service":"RBAC-API","timestamp":"2026-04-09T10:43:20.150Z"}
{"level":"info","message":"MongoDB connected","service":"RBAC-API","timestamp":"2026-04-09T10:43:20.695Z"}
{"level":"info","message":"Server running on port http://localhost:8080","service":"RBAC-API","timestamp":"2026-04-09T10:43:32.120Z"}
{"level":"info","message":"MongoDB connected","service":"RBAC-API","timestamp":"2026-04-09T10:43:32.627Z"}
{"level":"info","message":"Server running on port http://localhost:8080","service":"RBAC-API","timestamp":"2026-04-09T10:43:34.805Z"}
{"level":"info","message":"MongoDB connected","service":"RBAC-API","timestamp":"2026-04-09T10:43:35.282Z"}
{"level":"info","message":"Server running on port http://localhost:8080","service":"RBAC-API","timestamp":"2026-04-09T10:43:35.814Z"}
{"level":"info","message":"MongoDB connected","service":"RBAC-API","timestamp":"2026-04-09T10:43:36.315Z"}
{"level":"info","message":"Server running on port http://localhost:8080","service":"RBAC-API","timestamp":"2026-04-09T10:43:41.740Z"}
{"level":"info","message":"MongoDB connected","service":"RBAC-API","timestamp":"2026-04-09T10:43:42.309Z"}
{"level":"info","message":"Server running on port http://localhost:8080","service":"RBAC-API","timestamp":"2026-04-09T10:44:19.638Z"}
{"level":"info","message":"MongoDB connected","service":"RBAC-API","timestamp":"2026-04-09T10:44:20.188Z"}
{"level":"info","message":"Server running on port http://localhost:8080","service":"RBAC-API","timestamp":"2026-04-09T10:44:28.636Z"}
{"level":"info","message":"MongoDB connected","service":"RBAC-API","timestamp":"2026-04-09T10:44:29.090Z"}
{"level":"info","message":"Server running on port http://localhost:8080","service":"RBAC-API","timestamp":"2026-04-09T10:44:38.867Z"}
{"level":"info","message":"MongoDB connected","service":"RBAC-API","timestamp":"2026-04-09T10:44:39.322Z"}
{"level":"info","message":"Server running on port http://localhost:8080","service":"RBAC-API","timestamp":"2026-04-09T10:46:18.179Z"}
{"level":"info","message":"MongoDB connected","service":"RBAC-API","timestamp":"2026-04-09T10:46:18.793Z"}
{"level":"info","message":"Server running on port http://localhost:8080","service":"RBAC-API","timestamp":"2026-04-09T10:46:19.890Z"}
{"level":"info","message":"MongoDB connected","service":"RBAC-API","timestamp":"2026-04-09T10:46:20.367Z"}
{"level":"info","message":"Server running on port http://localhost:8080","service":"RBAC-API","timestamp":"2026-04-09T10:46:21.984Z"}
{"level":"info","message":"MongoDB connected","service":"RBAC-API","timestamp":"2026-04-09T10:46:22.448Z"}
{"level":"info","message":"Server running on port http://localhost:8080","service":"RBAC-API","timestamp":"2026-04-09T10:46:24.716Z"}
{"level":"info","message":"MongoDB connected","service":"RBAC-API","timestamp":"2026-04-09T10:46:25.217Z"}
{"level":"info","message":"Server running on port http://localhost:8080","service":"RBAC-API","timestamp":"2026-04-09T10:46:29.289Z"}
{"level":"info","message":"MongoDB connected","service":"RBAC-API","timestamp":"2026-04-09T10:46:29.766Z"}
{"level":"info","message":"Server running on port http://localhost:8080","service":"RBAC-API","timestamp":"2026-04-09T10:46:31.057Z"}
{"level":"info","message":"MongoDB connected","service":"RBAC-API","timestamp":"2026-04-09T10:46:31.539Z"}
{"level":"info","message":"Server running on port http://localhost:8080","service":"RBAC-API","timestamp":"2026-04-09T10:46:38.899Z"}
{"level":"info","message":"MongoDB connected","service":"RBAC-API","timestamp":"2026-04-09T10:46:39.364Z"}
{"level":"info","message":"Server running on port http://localhost:8080","service":"RBAC-API","timestamp":"2026-04-09T10:46:47.639Z"}
{"level":"info","message":"MongoDB connected","service":"RBAC-API","timestamp":"2026-04-09T10:46:48.099Z"}
{"level":"info","message":"Server running on port http://localhost:8080","service":"RBAC-API","timestamp":"2026-04-09T10:46:54.599Z"}
{"level":"info","message":"MongoDB connected","service":"RBAC-API","timestamp":"2026-04-09T10:46:55.072Z"}
{"level":"info","message":"Server running on port http://localhost:8080","service":"RBAC-API","timestamp":"2026-04-09T10:46:55.820Z"}
{"level":"info","message":"MongoDB connected","service":"RBAC-API","timestamp":"2026-04-09T10:46:56.334Z"}
{"level":"info","message":"Server running on port http://localhost:8080","service":"RBAC-API","timestamp":"2026-04-09T10:46:58.665Z"}
{"level":"info","message":"MongoDB connected","service":"RBAC-API","timestamp":"2026-04-09T10:46:59.114Z"}
{"level":"info","message":"Server running on port http://localhost:8080","service":"RBAC-API","timestamp":"2026-04-09T10:47:00.989Z"}
{"level":"info","message":"MongoDB connected","service":"RBAC-API","timestamp":"2026-04-09T10:47:01.480Z"}
{"level":"info","message":"Server running on port http://localhost:8080","service":"RBAC-API","timestamp":"2026-04-09T10:47:05.418Z"}
{"level":"info","message":"MongoDB connected","service":"RBAC-API","timestamp":"2026-04-09T10:47:05.893Z"}
{"level":"info","message":"Server running on port http://localhost:8080","service":"RBAC-API","timestamp":"2026-04-09T10:47:16.281Z"}
{"level":"info","message":"MongoDB connected","service":"RBAC-API","timestamp":"2026-04-09T10:47:16.748Z"}
{"level":"info","message":"Server running on port http://localhost:8080","service":"RBAC-API","timestamp":"2026-04-09T10:47:23.697Z"}
{"level":"info","message":"MongoDB connected","service":"RBAC-API","timestamp":"2026-04-09T10:47:24.279Z"}
{"level":"info","message":"Server running on port http://localhost:8080","service":"RBAC-API","timestamp":"2026-04-09T10:47:25.733Z"}
{"level":"info","message":"MongoDB connected","service":"RBAC-API","timestamp":"2026-04-09T10:47:26.272Z"}
{"level":"info","message":"Server running on port http://localhost:8080","service":"RBAC-API","timestamp":"2026-04-09T10:47:28.737Z"}
{"level":"info","message":"MongoDB connected","service":"RBAC-API","timestamp":"2026-04-09T10:47:29.247Z"}
{"level":"info","message":"Server running on port http://localhost:8080","service":"RBAC-API","timestamp":"2026-04-09T10:47:29.734Z"}
{"level":"info","message":"MongoDB connected","service":"RBAC-API","timestamp":"2026-04-09T10:47:30.228Z"}
{"level":"info","message":"Server running on port http://localhost:8080","service":"RBAC-API","timestamp":"2026-04-09T10:47:41.379Z"}
{"level":"info","message":"MongoDB connected","service":"RBAC-API","timestamp":"2026-04-09T10:47:41.871Z"}
{"level":"info","message":"Server running on port http://localhost:8080","service":"RBAC-API","timestamp":"2026-04-09T10:47:44.990Z"}
{"level":"info","message":"MongoDB connected","service":"RBAC-API","timestamp":"2026-04-09T10:47:45.451Z"}
{"level":"info","message":"Server running on port http://localhost:8080","service":"RBAC-API","timestamp":"2026-04-09T10:47:54.478Z"}
{"level":"info","message":"MongoDB connected","service":"RBAC-API","timestamp":"2026-04-09T10:47:54.947Z"}
{"level":"info","message":"Server running on port http://localhost:8080","service":"RBAC-API","timestamp":"2026-04-09T10:47:56.663Z"}
{"level":"info","message":"MongoDB connected","service":"RBAC-API","timestamp":"2026-04-09T10:47:57.147Z"}
{"level":"info","message":"Server running on port http://localhost:8080","service":"RBAC-API","timestamp":"2026-04-09T10:48:43.094Z"}
{"level":"info","message":"MongoDB connected","service":"RBAC-API","timestamp":"2026-04-09T10:48:43.643Z"}
{"level":"info","message":"Server running on port http://localhost:8080","service":"RBAC-API","timestamp":"2026-04-09T10:48:44.584Z"}
{"level":"info","message":"MongoDB connected","service":"RBAC-API","timestamp":"2026-04-09T10:48:45.048Z"}
{"level":"info","message":"Server running on port http://localhost:8080","service":"RBAC-API","timestamp":"2026-04-09T10:48:47.320Z"}
{"level":"info","message":"MongoDB connected","service":"RBAC-API","timestamp":"2026-04-09T10:48:47.783Z"}
{"level":"info","message":"Server running on port http://localhost:8080","service":"RBAC-API","timestamp":"2026-04-09T10:48:49.195Z"}
{"level":"info","message":"MongoDB connected","service":"RBAC-API","timestamp":"2026-04-09T10:48:49.676Z"}
{"level":"info","message":"Server running on port http://localhost:8080","service":"RBAC-API","timestamp":"2026-04-09T10:48:51.140Z"}
{"level":"info","message":"MongoDB connected","service":"RBAC-API","timestamp":"2026-04-09T10:48:51.614Z"}
{"level":"info","message":"Server running on port http://localhost:8080","service":"RBAC-API","timestamp":"2026-04-09T10:48:57.429Z"}
{"level":"info","message":"MongoDB connected","service":"RBAC-API","timestamp":"2026-04-09T10:48:57.885Z"}
{"level":"info","message":"Server running on port http://localhost:8080","service":"RBAC-API","timestamp":"2026-04-09T10:48:58.656Z"}
{"level":"info","message":"MongoDB connected","service":"RBAC-API","timestamp":"2026-04-09T10:48:59.147Z"}
{"level":"info","message":"Server running on port http://localhost:8080","service":"RBAC-API","timestamp":"2026-04-09T10:49:30.382Z"}
{"level":"info","message":"MongoDB connected","service":"RBAC-API","timestamp":"2026-04-09T10:49:30.877Z"}
{"level":"info","message":"Server running on port http://localhost:8080","service":"RBAC-API","timestamp":"2026-04-09T10:49:32.060Z"}
{"level":"info","message":"MongoDB connected","service":"RBAC-API","timestamp":"2026-04-09T10:49:32.525Z"}
{"level":"info","message":"Server running on port http://localhost:8080","service":"RBAC-API","timestamp":"2026-04-09T10:49:33.514Z"}
{"level":"info","message":"MongoDB connected","service":"RBAC-API","timestamp":"2026-04-09T10:49:34.090Z"}
{"level":"info","message":"Server running on port http://localhost:8080","service":"RBAC-API","timestamp":"2026-04-09T10:49:35.493Z"}
{"level":"info","message":"MongoDB connected","service":"RBAC-API","timestamp":"2026-04-09T10:49:35.982Z"}
{"level":"info","message":"Server running on port http://localhost:8080","service":"RBAC-API","timestamp":"2026-04-09T10:49:37.133Z"}
{"level":"info","message":"MongoDB connected","service":"RBAC-API","timestamp":"2026-04-09T10:49:37.737Z"}
{"level":"info","message":"Server running on port http://localhost:8080","service":"RBAC-API","timestamp":"2026-04-09T10:49:52.027Z"}
{"level":"info","message":"MongoDB connected","service":"RBAC-API","timestamp":"2026-04-09T10:49:52.523Z"}
{"level":"info","message":"Server running on port http://localhost:8080","service":"RBAC-API","timestamp":"2026-04-09T10:49:55.781Z"}
{"level":"info","message":"MongoDB connected","service":"RBAC-API","timestamp":"2026-04-09T10:49:56.296Z"}
{"level":"info","message":"Server running on port http://localhost:8080","service":"RBAC-API","timestamp":"2026-04-09T10:50:07.976Z"}
{"level":"info","message":"MongoDB connected","service":"RBAC-API","timestamp":"2026-04-09T10:50:08.445Z"}
{"level":"info","message":"Server running on port http://localhost:8080","service":"RBAC-API","timestamp":"2026-04-09T10:50:10.461Z"}
{"level":"info","message":"MongoDB connected","service":"RBAC-API","timestamp":"2026-04-09T10:50:10.927Z"}
{"level":"info","message":"Server running on port http://localhost:8080","service":"RBAC-API","timestamp":"2026-04-09T10:50:12.754Z"}
{"level":"info","message":"MongoDB connected","service":"RBAC-API","timestamp":"2026-04-09T10:50:13.248Z"}
{"level":"info","message":"Server running on port http://localhost:8080","service":"RBAC-API","timestamp":"2026-04-09T10:50:14.975Z"}
{"level":"info","message":"MongoDB connected","service":"RBAC-API","timestamp":"2026-04-09T10:50:15.453Z"}
{"level":"info","message":"Server running on port http://localhost:8080","service":"RBAC-API","timestamp":"2026-04-09T10:50:24.192Z"}
{"level":"info","message":"MongoDB connected","service":"RBAC-API","timestamp":"2026-04-09T10:50:24.680Z"}
{"level":"info","message":"Server running on port http://localhost:8080","service":"RBAC-API","timestamp":"2026-04-09T10:50:27.612Z"}
{"level":"info","message":"MongoDB connected","service":"RBAC-API","timestamp":"2026-04-09T10:50:28.065Z"}
{"level":"info","message":"Server running on port http://localhost:8080","service":"RBAC-API","timestamp":"2026-04-09T10:50:30.774Z"}
{"level":"info","message":"MongoDB connected","service":"RBAC-API","timestamp":"2026-04-09T10:50:31.266Z"}
{"level":"info","message":"Server running on port http://localhost:8080","service":"RBAC-API","timestamp":"2026-04-09T10:50:32.360Z"}
{"level":"info","message":"MongoDB connected","service":"RBAC-API","timestamp":"2026-04-09T10:50:32.852Z"}
{"level":"info","message":"Server running on port http://localhost:8080","service":"RBAC-API","timestamp":"2026-04-09T10:50:34.873Z"}
{"level":"info","message":"MongoDB connected","service":"RBAC-API","timestamp":"2026-04-09T10:50:35.339Z"}
{"level":"info","message":"Server running on port http://localhost:8080","service":"RBAC-API","timestamp":"2026-04-09T10:50:36.058Z"}
{"level":"info","message":"MongoDB connected","service":"RBAC-API","timestamp":"2026-04-09T10:50:36.507Z"}
{"level":"info","message":"Server running on port http://localhost:8080","service":"RBAC-API","timestamp":"2026-04-09T10:50:53.042Z"}
{"level":"info","message":"MongoDB connected","service":"RBAC-API","timestamp":"2026-04-09T10:50:53.573Z"}
{"level":"info","message":"Server running on port http://localhost:8080","service":"RBAC-API","timestamp":"2026-04-09T10:50:57.373Z"}
{"level":"info","message":"MongoDB connected","service":"RBAC-API","timestamp":"2026-04-09T10:50:57.857Z"}
{"level":"info","message":"Server running on port http://localhost:8080","service":"RBAC-API","timestamp":"2026-04-09T10:51:00.296Z"}
{"level":"info","message":"MongoDB connected","service":"RBAC-API","timestamp":"2026-04-09T10:51:00.765Z"}
{"level":"info","message":"Server running on port http://localhost:8080","service":"RBAC-API","timestamp":"2026-04-09T10:51:01.686Z"}
{"level":"info","message":"MongoDB connected","service":"RBAC-API","timestamp":"2026-04-09T10:51:02.176Z"}
{"level":"info","message":"Server running on port http://localhost:8080","service":"RBAC-API","timestamp":"2026-04-09T10:51:07.940Z"}
{"level":"info","message":"MongoDB connected","service":"RBAC-API","timestamp":"2026-04-09T10:51:08.396Z"}
{"level":"info","message":"Server running on port http://localhost:8080","service":"RBAC-API","timestamp":"2026-04-09T10:51:31.240Z"}
{"level":"info","message":"MongoDB connected","service":"RBAC-API","timestamp":"2026-04-09T10:51:31.711Z"}
{"level":"info","message":"Server running on port http://localhost:8080","service":"RBAC-API","timestamp":"2026-04-09T10:51:33.556Z"}
{"level":"info","message":"MongoDB connected","service":"RBAC-API","timestamp":"2026-04-09T10:51:34.048Z"}
{"level":"info","message":"Server running on port http://localhost:8080","service":"RBAC-API","timestamp":"2026-04-09T11:01:42.407Z"}
{"level":"info","message":"MongoDB connected","service":"RBAC-API","timestamp":"2026-04-09T11:01:42.939Z"}
{"level":"info","message":"Server running on port http://localhost:8080","service":"RBAC-API","timestamp":"2026-04-09T11:01:50.357Z"}
{"level":"info","message":"MongoDB connected","service":"RBAC-API","timestamp":"2026-04-09T11:01:50.831Z"}
{"level":"info","message":"Server running on port http://localhost:8080","service":"RBAC-API","timestamp":"2026-04-09T11:01:56.049Z"}
{"level":"info","message":"MongoDB connected","service":"RBAC-API","timestamp":"2026-04-09T11:01:56.513Z"}
{"level":"info","message":"Server running on port http://localhost:8080","service":"RBAC-API","timestamp":"2026-04-09T11:01:57.880Z"}
{"level":"info","message":"MongoDB connected","service":"RBAC-API","timestamp":"2026-04-09T11:01:58.345Z"}
{"level":"info","message":"Server running on port http://localhost:8080","service":"RBAC-API","timestamp":"2026-04-09T11:02:06.021Z"}
{"level":"info","message":"MongoDB connected","service":"RBAC-API","timestamp":"2026-04-09T11:02:06.474Z"}
{"level":"info","message":"Server running on port http://localhost:8080","service":"RBAC-API","timestamp":"2026-04-09T11:02:07.107Z"}
{"level":"info","message":"MongoDB connected","service":"RBAC-API","timestamp":"2026-04-09T11:02:07.565Z"}
{"level":"info","message":"Server running on port http://localhost:8080","service":"RBAC-API","timestamp":"2026-04-09T11:02:14.539Z"}
{"level":"info","message":"MongoDB connected","service":"RBAC-API","timestamp":"2026-04-09T11:02:15.007Z"}
{"level":"info","message":"Server running on port http://localhost:8080","service":"RBAC-API","timestamp":"2026-04-09T11:05:49.790Z"}
{"level":"info","message":"MongoDB connected","service":"RBAC-API","timestamp":"2026-04-09T11:05:50.410Z"}
{"level":"info","message":"Server running on port http://localhost:8080","service":"RBAC-API","timestamp":"2026-04-09T11:06:03.330Z"}
{"level":"info","message":"MongoDB connected","service":"RBAC-API","timestamp":"2026-04-09T11:06:03.870Z"}
{"level":"info","message":"Server running on port http://localhost:8080","service":"RBAC-API","timestamp":"2026-04-09T11:15:43.871Z"}
{"level":"info","message":"MongoDB connected","service":"RBAC-API","timestamp":"2026-04-09T11:15:44.367Z"}
{"level":"info","message":"Server running on port http://localhost:8080","service":"RBAC-API","timestamp":"2026-04-09T11:15:45.051Z"}
{"level":"info","message":"MongoDB connected","service":"RBAC-API","timestamp":"2026-04-09T11:15:45.558Z"}
{"level":"info","message":"Server running on port http://localhost:8080","service":"RBAC-API","timestamp":"2026-04-09T11:15:48.351Z"}
{"level":"info","message":"MongoDB connected","service":"RBAC-API","timestamp":"2026-04-09T11:15:48.781Z"}
{"level":"info","message":"Server running on port http://localhost:8080","service":"RBAC-API","timestamp":"2026-04-09T11:15:55.195Z"}
{"level":"info","message":"MongoDB connected","service":"RBAC-API","timestamp":"2026-04-09T11:15:55.631Z"}
{"level":"info","message":"Server running on port http://localhost:8080","service":"RBAC-API","timestamp":"2026-04-09T11:15:57.978Z"}
{"level":"info","message":"MongoDB connected","service":"RBAC-API","timestamp":"2026-04-09T11:15:58.402Z"}
{"level":"info","message":"Server running on port http://localhost:8080","service":"RBAC-API","timestamp":"2026-04-09T11:15:59.255Z"}
{"level":"info","message":"MongoDB connected","service":"RBAC-API","timestamp":"2026-04-09T11:15:59.713Z"}
{"level":"info","message":"Server running on port http://localhost:8080","service":"RBAC-API","timestamp":"2026-04-09T11:16:04.691Z"}
{"level":"info","message":"MongoDB connected","service":"RBAC-API","timestamp":"2026-04-09T11:16:05.129Z"}
{"level":"info","message":"Server running on port http://localhost:8080","service":"RBAC-API","timestamp":"2026-04-09T11:16:08.739Z"}
{"level":"info","message":"MongoDB connected","service":"RBAC-API","timestamp":"2026-04-09T11:16:09.181Z"}
{"level":"info","message":"Server running on port http://localhost:8080","service":"RBAC-API","timestamp":"2026-04-09T11:16:16.500Z"}
{"level":"info","message":"MongoDB connected","service":"RBAC-API","timestamp":"2026-04-09T11:16:16.942Z"}
{"level":"info","message":"Server running on port http://localhost:8080","service":"RBAC-API","timestamp":"2026-04-09T13:14:39.062Z"}
{"level":"info","message":"MongoDB connected","service":"RBAC-API","timestamp":"2026-04-09T13:14:39.645Z"}
{"level":"info","message":"Server running on port http://localhost:8080","service":"RBAC-API","timestamp":"2026-07-27T09:14:00.927Z"}
{"level":"info","message":"MongoDB connected","service":"RBAC-API","timestamp":"2026-07-27T09:14:01.494Z"}
{"level":"info","message":"Server running on port http://localhost:8080","service":"RBAC-API","timestamp":"2026-07-27T09:14:13.128Z"}
{"level":"info","message":"MongoDB connected","service":"RBAC-API","timestamp":"2026-07-27T09:14:13.848Z"}
{"level":"info","message":"Server running on port http://localhost:8080","service":"RBAC-API","timestamp":"2026-07-27T09:14:14.452Z"}
{"level":"info","message":"MongoDB connected","service":"RBAC-API","timestamp":"2026-07-27T09:14:14.913Z"}
{"level":"info","message":"Server running on port http://localhost:8080","service":"RBAC-API","timestamp":"2026-07-27T09:14:28.742Z"}
{"level":"info","message":"Server running on port http://localhost:8080","service":"RBAC-API","timestamp":"2026-07-27T09:14:29.776Z"}
{"level":"info","message":"MongoDB connected","service":"RBAC-API","timestamp":"2026-07-27T09:14:30.233Z"}
{"level":"info","message":"Server running on port http://localhost:8080","service":"RBAC-API","timestamp":"2026-07-27T09:14:31.302Z"}
{"level":"info","message":"MongoDB connected","service":"RBAC-API","timestamp":"2026-07-27T09:14:31.730Z"}
{"level":"info","message":"Server running on port http://localhost:8080","service":"RBAC-API","timestamp":"2026-07-27T09:14:44.137Z"}
{"level":"info","message":"MongoDB connected","service":"RBAC-API","timestamp":"2026-07-27T09:14:44.616Z"}
{"level":"info","message":"MongoDB connected","service":"RBAC-API","timestamp":"2026-07-27T09:15:22.202Z"}
{"level":"info","message":"Seeding Roles & Permissions...","service":"RBAC-API","timestamp":"2026-07-27T09:15:22.204Z"}
{"level":"info","message":"Roles & Permissions Seeded Successfully","service":"RBAC-API","timestamp":"2026-07-27T09:15:22.810Z"}
{"level":"info","message":"Server running on port http://localhost:8080","service":"RBAC-API","timestamp":"2026-07-27T09:15:28.277Z"}
{"level":"info","message":"MongoDB connected","service":"RBAC-API","timestamp":"2026-07-27T09:15:29.258Z"}
{"level":"info","message":"MongoDB connected","service":"RBAC-API","timestamp":"2026-07-27T09:15:54.126Z"}
{"level":"info","message":"Seeding Roles & Permissions...","service":"RBAC-API","timestamp":"2026-07-27T09:15:54.128Z"}
{"level":"info","message":"Roles & Permissions Seeded Successfully","service":"RBAC-API","timestamp":"2026-07-27T09:15:54.711Z"}
{"level":"info","message":"Server running on port http://localhost:8080","service":"RBAC-API","timestamp":"2026-07-27T09:16:00.614Z"}
{"level":"error","message":"querySrv ETIMEOUT _mongodb._tcp.cluster0.rbt1qcd.mongodb.net","service":"RBAC-API","timestamp":"2026-07-27T09:16:49.498Z"}
{"level":"info","message":"MongoDB connected","service":"RBAC-API","timestamp":"2026-07-27T09:21:33.925Z"}
{"level":"info","message":"Server running on http://localhost:8080","service":"RBAC-API","timestamp":"2026-07-27T09:21:33.940Z"}
{"level":"info","message":"New user registered: admin112233@yopmail.com","service":"RBAC-API","timestamp":"2026-07-27T09:21:56.048Z"}
{"level":"info","message":"admin112233@yopmail.com logged in successfully","service":"RBAC-API","timestamp":"2026-07-27T09:22:03.024Z"}
{"level":"info","message":"Product created successfully","service":"RBAC-API","timestamp":"2026-07-27T09:22:36.265Z"}
{"level":"info","message":"MongoDB connected","service":"RBAC-API","timestamp":"2026-07-27T09:24:22.793Z"}
{"level":"info","message":"Server running on http://localhost:8080","service":"RBAC-API","timestamp":"2026-07-27T09:24:22.798Z"}
{"level":"info","message":"MongoDB connected","service":"RBAC-API","timestamp":"2026-07-27T09:25:16.114Z"}
{"level":"info","message":"Server running on http://localhost:8080","service":"RBAC-API","timestamp":"2026-07-27T09:25:16.119Z"}
{"level":"info","message":"MongoDB connected","service":"RBAC-API","timestamp":"2026-07-27T09:25:29.779Z"}
{"level":"info","message":"Server running on http://localhost:8080","service":"RBAC-API","timestamp":"2026-07-27T09:25:29.785Z"}
{"level":"info","message":"MongoDB connected","service":"RBAC-API","timestamp":"2026-07-27T09:25:38.648Z"}
{"level":"info","message":"Server running on http://localhost:8080","service":"RBAC-API","timestamp":"2026-07-27T09:25:38.662Z"}
{"level":"info","message":"MongoDB connected","service":"RBAC-API","timestamp":"2026-07-27T09:26:07.219Z"}
{"level":"info","message":"Server running on http://localhost:8080","service":"RBAC-API","timestamp":"2026-07-27T09:26:07.224Z"}
{"level":"info","message":"admin112233@yopmail.com logged in successfully","service":"RBAC-API","timestamp":"2026-07-27T09:26:42.928Z"}
{"level":"info","message":"MongoDB connected","service":"RBAC-API","timestamp":"2026-07-27T09:28:41.765Z"}
{"level":"info","message":"Server running on http://localhost:8080","service":"RBAC-API","timestamp":"2026-07-27T09:28:41.770Z"}
{"level":"info","message":"New user registered: manager112233@yopmail.com","service":"RBAC-API","timestamp":"2026-07-27T09:29:42.823Z"}
{"level":"info","message":"manager112233@yopmail.com logged in successfully","service":"RBAC-API","timestamp":"2026-07-27T09:29:48.990Z"}
{"level":"info","message":"Product created successfully","service":"RBAC-API","timestamp":"2026-07-27T09:30:11.668Z"}
{"level":"info","message":"New user registered: user11223344@yopmail.com","service":"RBAC-API","timestamp":"2026-07-27T09:32:11.800Z"}
{"level":"info","message":"user11223344@yopmail.com logged in successfully","service":"RBAC-API","timestamp":"2026-07-27T09:32:17.568Z"}
{"level":"info","message":"MongoDB connected","service":"RBAC-API","timestamp":"2026-07-27T09:37:31.080Z"}
{"level":"info","message":"Server running on http://localhost:8080","service":"RBAC-API","timestamp":"2026-07-27T09:37:31.090Z"}
{"level":"info","message":"user11223344@yopmail.com logged in successfully","service":"RBAC-API","timestamp":"2026-07-27T09:37:43.018Z"}
{"level":"info","message":"user11223344@yopmail.com logged in successfully","service":"RBAC-API","timestamp":"2026-07-27T09:44:21.099Z"}
{"level":"info","message":"user11223344@yopmail.com logged in successfully","service":"RBAC-API","timestamp":"2026-07-27T09:46:37.866Z"}
{"level":"info","message":"MongoDB connected","service":"RBAC-API","timestamp":"2026-07-27T09:48:31.296Z"}
{"level":"info","message":"Server running on http://localhost:8080","service":"RBAC-API","timestamp":"2026-07-27T09:48:31.301Z"}
{"level":"info","message":"manager112233@yopmail.com logged in successfully","service":"RBAC-API","timestamp":"2026-07-27T09:49:06.896Z"}
{"level":"info","message":"Product created successfully","service":"RBAC-API","timestamp":"2026-07-27T09:49:33.244Z"}
{"level":"info","message":"Product updated successfully","service":"RBAC-API","timestamp":"2026-07-27T09:49:43.550Z"}
{"level":"info","message":"admin112233@yopmail.com logged in successfully","service":"RBAC-API","timestamp":"2026-07-27T09:50:00.133Z"}
{"level":"info","message":"Product created successfully","service":"RBAC-API","timestamp":"2026-07-27T09:50:18.300Z"}
{"level":"info","message":"Product updated successfully","service":"RBAC-API","timestamp":"2026-07-27T09:50:22.319Z"}
{"level":"info","message":"Product deleted successfully","service":"RBAC-API","timestamp":"2026-07-27T09:50:26.180Z"}
{"level":"info","message":"Product created successfully","service":"RBAC-API","timestamp":"2026-07-27T09:51:02.037Z"}
{"level":"info","message":"admin112233@yopmail.com logged in successfully","service":"RBAC-API","timestamp":"2026-07-27T09:57:57.067Z"}
{"level":"info","message":"user11223344@yopmail.com logged in successfully","service":"RBAC-API","timestamp":"2026-07-27T09:58:23.900Z"}
{"level":"info","message":"MongoDB connected","service":"RBAC-API","timestamp":"2026-07-27T16:57:05.943Z"}
{"level":"info","message":"Server running on http://localhost:8080","service":"RBAC-API","timestamp":"2026-07-27T16:57:05.953Z"}
